<html>
<body>
<pre>
<h1>礦ision Build Log</h1>
<h2>Tool Versions:</h2>
IDE-Version: μVision V5.21.1.0
Copyright (C) 2016 ARM Ltd and ARM Germany GmbH. All rights reserved.
License Information: 1 Administrator, 1, LIC=47GFW-Q67B3-V13P8-3M3CN-R87HX-DMFU0
 
Tool Versions:
Toolchain:       MDK-ARM Plus  Version: 5.21a
Toolchain Path:  C:\Keil_v5\ARM\ARMCC\Bin
C Compiler:      Armcc.exe V5.06 update 3 (build 300)
Assembler:       Armasm.exe V5.06 update 3 (build 300)
Linker/Locator:  ArmLink.exe V5.06 update 3 (build 300)
Library Manager: ArmAr.exe V5.06 update 3 (build 300)
Hex Converter:   FromElf.exe V5.06 update 3 (build 300)
CPU DLL:         SARMCM3.DLL V5.21a
Dialog DLL:      DCM.DLL V1.13.8.0
Target DLL:      UL2CM3.DLL V1.158.5.0
Dialog DLL:      TCM.DLL V1.14.14.0
 
<h2>Project:</h2>
E:\工作资料\UsartCmdDemo\USER\USART.uvprojx
Project File Date:  09/30/2022

<h2>Output:</h2>
*** Using Compiler 'V5.06 update 3 (build 300)', folder: 'C:\Keil_v5\ARM\ARMCC\Bin'
Rebuild target 'Target 1'
compiling stm32f10x_it.c...
compiling led.c...
compiling dma.c...
compiling system_stm32f10x.c...
compiling main.c...
compiling stmflash.c...
compiling rtc.c...
compiling delay.c...
compiling usart.c...
..\SYSTEM\usart\usart.c(112): warning:  #550-D: variable "res" was set but never used
  	u8 res;	    
..\SYSTEM\usart\usart.c: 1 warning, 0 errors
compiling stm32f10x_gpio.c...
compiling stm32f10x_rcc.c...
compiling misc.c...
compiling stm32f10x_usart.c...
compiling stm32f10x_dma.c...
compiling stm32f10x_tim.c...
assembling startup_stm32f10x_hd.s...
compiling core_cm3.c...
compiling sys.c...
compiling stm32f10x_flash.c...
compiling stm32f10x_rtc.c...
compiling croutine.c...
compiling event_groups.c...
compiling list.c...
compiling stm32f10x_bkp.c...
compiling stm32f10x_pwr.c...
compiling queue.c...
compiling heap_4.c...
compiling timers.c...
compiling port.c...
compiling tasks.c...
..\FreeRtos\tasks.c(4453): warning:  #550-D: variable "cStatus" was set but never used
          char cStatus;
..\FreeRtos\tasks.c: 1 warning, 0 errors
compiling UsartTask.c...
compiling MetanalDataProcessTask.c...
compiling FlashWriteTask.c...
linking...
Program Size: Code=25964 RO-data=744 RW-data=244 ZI-data=19396  
FromELF: creating hex file...
"..\OBJ\USART.axf" - 0 Error(s), 2 Warning(s).

<h2>Collection of Component include folders:</h2>
  E:\工作资料\UsartCmdDemo\USER\RTE
  C:\Keil_v5\ARM\PACK\Keil\STM32F1xx_DFP\2.4.0\Device\Include

<h2>Collection of Component Files used:</h2>
Build Time Elapsed:  00:00:06
</pre>
</body>
</html>
