Component: ARM Compiler 5.06 update 3 (build 300) Tool: armlink [4d35c9]

==============================================================================

Section Cross References

    main.o(.text) refers to port.o(.text) for vPortEnterCritical
    main.o(.text) refers to tasks.o(.text) for xTaskCreate
    main.o(.text) refers to misc.o(.text) for NVIC_PriorityGroupConfig
    main.o(.text) refers to delay.o(.text) for DelayInit
    main.o(.text) refers to usart.o(.text) for Uart1Init
    main.o(.text) refers to led.o(.text) for LedInit
    main.o(.text) refers to noretval__2printf.o(.text) for __2printf
    main.o(.text) refers to rtc.o(.text) for RTC_Init
    main.o(.text) refers to main.o(.data) for UsartTask_Handler
    main.o(.text) refers to usarttask.o(.text) for UsartTask
    main.o(.text) refers to flashwritetask.o(.text) for FlashWriteTask
    system_stm32f10x.o(.text) refers to system_stm32f10x.o(.data) for SystemCoreClock
    led.o(.text) refers to stm32f10x_rcc.o(.text) for RCC_APB2PeriphClockCmd
    led.o(.text) refers to stm32f10x_gpio.o(.text) for GPIO_Init
    dma.o(.text) refers to stm32f10x_rcc.o(.text) for RCC_AHBPeriphClockCmd
    dma.o(.text) refers to stm32f10x_dma.o(.text) for DMA_DeInit
    dma.o(.text) refers to noretval__2printf.o(.text) for __2printf
    stmflash.o(.text) refers to _printf_percent.o(.ARM.Collect$$_printf_percent$$00000000) for _printf_percent
    stmflash.o(.text) refers to _printf_d.o(.ARM.Collect$$_printf_percent$$00000009) for _printf_d
    stmflash.o(.text) refers to _printf_s.o(.ARM.Collect$$_printf_percent$$00000014) for _printf_s
    stmflash.o(.text) refers to _printf_dec.o(.text) for _printf_int_dec
    stmflash.o(.text) refers to _printf_str.o(.text) for _printf_str
    stmflash.o(.text) refers to stm32f10x_flash.o(.text) for FLASH_ProgramHalfWord
    stmflash.o(.text) refers to noretval__2printf.o(.text) for __2printf
    stmflash.o(.text) refers to rt_memcpy_v6.o(.text) for __aeabi_memcpy
    stmflash.o(.text) refers to stmflash.o(.constdata) for __FUNCTION__
    rtc.o(.text) refers to misc.o(.text) for NVIC_Init
    rtc.o(.text) refers to stm32f10x_rtc.o(.text) for RTC_GetCounter
    rtc.o(.text) refers to stm32f10x_rcc.o(.text) for RCC_APB1PeriphClockCmd
    rtc.o(.text) refers to stm32f10x_pwr.o(.text) for PWR_BackupAccessCmd
    rtc.o(.text) refers to stm32f10x_bkp.o(.text) for BKP_ReadBackupRegister
    rtc.o(.text) refers to delay.o(.text) for delay_ms
    rtc.o(.text) refers to rtc.o(.constdata) for table_week
    rtc.o(.text) refers to rtc.o(.data) for daycnt
    rtc.o(.text) refers to rtc.o(.bss) for calendar
    delay.o(.text) refers to tasks.o(.text) for xTaskGetSchedulerState
    delay.o(.text) refers to port.o(.text) for xPortSysTickHandler
    delay.o(.text) refers to misc.o(.text) for SysTick_CLKSourceConfig
    delay.o(.text) refers to system_stm32f10x.o(.data) for SystemCoreClock
    delay.o(.text) refers to delay.o(.data) for fac_us
    usart.o(.text) refers (Special) to use_no_semi_2.o(.text) for __use_no_semihosting
    usart.o(.text) refers to stm32f10x_rcc.o(.text) for RCC_APB2PeriphClockCmd
    usart.o(.text) refers to stm32f10x_gpio.o(.text) for GPIO_Init
    usart.o(.text) refers to misc.o(.text) for NVIC_Init
    usart.o(.text) refers to stm32f10x_usart.o(.text) for USART_Init
    usart.o(.text) refers to tasks.o(.text) for vTaskGenericNotifyGiveFromISR
    usart.o(.text) refers to stm32f10x_dma.o(.text) for DMA_GetCurrDataCounter
    usart.o(.text) refers to main.o(.data) for UsartTask_Handler
    usart.o(.text) refers to usart.o(.data) for s_dmaReadPt
    usart.o(.text) refers to dma.o(.bss) for g_DmaRcvBuf
    usart.o(.data) refers (Special) to use_no_semi_2.o(.text) for __use_no_semihosting
    startup_stm32f10x_hd.o(STACK) refers (Special) to heapauxi.o(.text) for __use_two_region_memory
    startup_stm32f10x_hd.o(HEAP) refers (Special) to heapauxi.o(.text) for __use_two_region_memory
    startup_stm32f10x_hd.o(RESET) refers (Special) to heapauxi.o(.text) for __use_two_region_memory
    startup_stm32f10x_hd.o(RESET) refers to startup_stm32f10x_hd.o(STACK) for __initial_sp
    startup_stm32f10x_hd.o(RESET) refers to startup_stm32f10x_hd.o(.text) for Reset_Handler
    startup_stm32f10x_hd.o(RESET) refers to stm32f10x_it.o(.text) for NMI_Handler
    startup_stm32f10x_hd.o(RESET) refers to port.o(.emb_text) for SVC_Handler
    startup_stm32f10x_hd.o(RESET) refers to delay.o(.text) for SysTick_Handler
    startup_stm32f10x_hd.o(RESET) refers to rtc.o(.text) for RTC_IRQHandler
    startup_stm32f10x_hd.o(RESET) refers to dma.o(.text) for DMA1_Channel5_IRQHandler
    startup_stm32f10x_hd.o(RESET) refers to usart.o(.text) for USART1_IRQHandler
    startup_stm32f10x_hd.o(.text) refers (Special) to heapauxi.o(.text) for __use_two_region_memory
    startup_stm32f10x_hd.o(.text) refers to system_stm32f10x.o(.text) for SystemInit
    startup_stm32f10x_hd.o(.text) refers to __main.o(!!!main) for __main
[...]
    .text                                    0x08002540   Section        0  stm32f10x_pwr.o(.text)
    .text                                    0x0800260c   Section        0  list.o(.text)
    .text                                    0x080026a0   Section        0  queue.o(.text)
    prvInitialiseNewQueue                    0x0800273d   Thumb Code    42  queue.o(.text)
    prvUnlockQueue                           0x080027b3   Thumb Code   126  queue.o(.text)
    prvIsQueueFull                           0x08002831   Thumb Code    30  queue.o(.text)
    prvCopyDataToQueue                       0x0800284f   Thumb Code   126  queue.o(.text)
    prvInitialiseMutex                       0x080029e1   Thumb Code    30  queue.o(.text)
    prvGetDisinheritPriorityAfterTimeout     0x08002a51   Thumb Code    20  queue.o(.text)
    prvIsQueueEmpty                          0x08002a65   Thumb Code    26  queue.o(.text)
    prvCopyDataFromQueue                     0x08002ce9   Thumb Code    42  queue.o(.text)
    .text                                    0x080030b0   Section        0  tasks.o(.text)
    prvInitialiseTaskLists                   0x080030b1   Thumb Code    70  tasks.o(.text)
    prvAddNewTaskToReadyList                 0x080030f7   Thumb Code   206  tasks.o(.text)
    prvInitialiseNewTask                     0x080031c5   Thumb Code   154  tasks.o(.text)
    prvDeleteTCB                             0x080032bf   Thumb Code    18  tasks.o(.text)
    prvResetNextTaskUnblockTime              0x080032d1   Thumb Code    40  tasks.o(.text)
    prvAddCurrentTaskToDelayedList           0x0800368f   Thumb Code   164  tasks.o(.text)
    prvTaskIsTaskSuspended                   0x08003b21   Thumb Code    56  tasks.o(.text)
    prvGetExpectedIdleTime                   0x08003cb3   Thumb Code    56  tasks.o(.text)
    prvCheckTasksWaitingTermination          0x08003ceb   Thumb Code   118  tasks.o(.text)
    prvIdleTask                              0x08003d67   Thumb Code   106  tasks.o(.text)
    prvTaskCheckFreeStackSpace               0x08003e69   Thumb Code    22  tasks.o(.text)
    prvListTasksWithinSingleList             0x08003efd   Thumb Code   106  tasks.o(.text)
    prvWriteNameToBuffer                     0x0800464b   Thumb Code    42  tasks.o(.text)
    .text                                    0x08004d60   Section        0  timers.o(.text)
    prvInsertTimerInActiveList               0x08004d61   Thumb Code    80  timers.o(.text)
    prvReloadTimer                           0x08004db1   Thumb Code    40  timers.o(.text)
    prvProcessExpiredTimer                   0x08004dd9   Thumb Code    62  timers.o(.text)
    prvSwitchTimerLists                      0x08004e17   Thumb Code    58  timers.o(.text)
    prvSampleTimeNow                         0x08004e51   Thumb Code    40  timers.o(.text)
    prvProcessReceivedCommands               0x08004e79   Thumb Code   244  timers.o(.text)
    prvProcessTimerOrBlockTask               0x08004f6d   Thumb Code   102  timers.o(.text)
    prvGetNextExpireTime                     0x08004fd3   Thumb Code    36  timers.o(.text)
    prvTimerTask                             0x08004ff7   Thumb Code    26  timers.o(.text)
    prvCheckForValidListAndQueue             0x08005011   Thumb Code    56  timers.o(.text)
    prvInitialiseNewTimer                    0x08005071   Thumb Code    56  timers.o(.text)
    .text                                    0x08005234   Section        0  port.o(.text)
    prvTaskExitError                         0x08005235   Thumb Code    22  port.o(.text)
    .text                                    0x0800548c   Section        0  heap_4.o(.text)
    prvInsertBlockIntoFreeList               0x0800548d   Thumb Code    96  heap_4.o(.text)
    prvHeapInit                              0x080054ed   Thumb Code    98  heap_4.o(.text)
    .text                                    0x08005714   Section        0  usarttask.o(.text)
    ExecUsartCmd                             0x08005a1d   Thumb Code    24  usarttask.o(.text)
    .text                                    0x08005b50   Section        0  flashwritetask.o(.text)
    .text                                    0x08005d24   Section        2  use_no_semi_2.o(.text)
    .text                                    0x08005d28   Section        0  noretval__2printf.o(.text)
    .text                                    0x08005d40   Section        0  _printf_pad.o(.text)
    .text                                    0x08005d8e   Section        0  _printf_str.o(.text)
    .text                                    0x08005de0   Section        0  _printf_dec.o(.text)
    .text                                    0x08005e58   Section        0  _printf_hex_int.o(.text)
    .text                                    0x08005eb0   Section        0  __printf_flags_wp.o(.text)
    .text                                    0x08005fe8   Section        0  atoi.o(.text)
    .text                                    0x08006002   Section        0  memcmp.o(.text)
    .text                                    0x0800605a   Section        0  strcpy.o(.text)
    .text                                    0x080060a2   Section        0  strlen.o(.text)
    .text                                    0x080060e0   Section      138  rt_memcpy_v6.o(.text)
    .text                                    0x0800616a   Section      122  rt_memmove_w.o(.text)
    .text                                    0x080061e4   Section       16  aeabi_memset.o(.text)
    .text                                    0x080061f4   Section        0  heapauxi.o(.text)
    .text                                    0x080061fa   Section        2  use_no_semi.o(.text)
    .text                                    0x080061fc   Section        8  rt_errno_addr_intlibspace.o(.text)
    .text                                    0x08006204   Section        0  _printf_intcommon.o(.text)
    .text                                    0x080062b6   Section        0  _printf_char.o(.text)
    .text                                    0x080062e4   Section        0  _printf_char_file.o(.text)
    .text                                    0x08006308   Section        0  strtol.o(.text)
    .text                                    0x08006378   Section      100  rt_memcpy_w.o(.text)
    .text                                    0x080063dc   Section       68  rt_memclr.o(.text)
    .text                                    0x08006420   Section        8  libspace.o(.text)
    .text                                    0x08006428   Section       16  rt_ctype_table.o(.text)
    .text                                    0x08006438   Section        0  _printf_char_common.o(.text)
    _printf_input_char                       0x08006439   Thumb Code    10  _printf_char_common.o(.text)
    .text                                    0x08006468   Section        0  _strtoul.o(.text)
    .text                                    0x08006506   Section        0  ferror.o(.text)
    .text                                    0x0800650e   Section       78  rt_memclr_w.o(.text)
    .text                                    0x0800655c   Section       74  sys_stackheap_outer.o(.text)
    .text                                    0x080065a8   Section        8  rt_locale_intlibspace.o(.text)
    .text                                    0x080065b0   Section        0  _chval.o(.text)
    .text                                    0x080065cc   Section        0  exit.o(.text)
    .text                                    0x080065e0   Section      128  strcmpv7m.o(.text)
    i._is_digit                              0x08006660   Section        0  __printf_wp.o(i._is_digit)
    locale$$code                             0x08006670   Section       44  lc_ctype_c.o(locale$$code)
    .constdata                               0x0800669c   Section       25  stmflash.o(.constdata)
    __FUNCTION__                             0x0800669c   Data          12  stmflash.o(.constdata)
    __FUNCTION__                             0x080066a8   Data          13  stmflash.o(.constdata)
    .constdata                               0x080066b5   Section       24  rtc.o(.constdata)
    .constdata                               0x080066cd   Section       15  flashwritetask.o(.constdata)
    __FUNCTION__                             0x080066cd   Data          15  flashwritetask.o(.constdata)
    .constdata                               0x080066dc   Section       40  _printf_hex_int.o(.constdata)
    uc_hextab                                0x080066dc   Data          20  _printf_hex_int.o(.constdata)
    lc_hextab                                0x080066f0   Data          20  _printf_hex_int.o(.constdata)
    .constdata                               0x08006704   Section       17  __printf_flags_wp.o(.constdata)
    maptable                                 0x08006704   Data          17  __printf_flags_wp.o(.constdata)
    .conststring                             0x08006718   Section       11  usarttask.o(.conststring)
    locale$$data                             0x08006744   Section      272  lc_ctype_c.o(locale$$data)
    __lcctype_c_name                         0x08006748   Data           2  lc_ctype_c.o(locale$$data)
    __lcctype_c_start                        0x08006750   Data           0  lc_ctype_c.o(locale$$data)
    __lcctype_c_end                          0x08006854   Data           0  lc_ctype_c.o(locale$$data)
    .data                                    0x20000000   Section       16  main.o(.data)
    .data                                    0x20000010   Section       20  system_stm32f10x.o(.data)
    .data                                    0x20000024   Section        2  rtc.o(.data)
    daycnt                                   0x20000024   Data           2  rtc.o(.data)
    .data                                    0x20000026   Section        4  delay.o(.data)
    fac_us                                   0x20000026   Data           1  delay.o(.data)
    fac_ms                                   0x20000028   Data           2  delay.o(.data)
    .data                                    0x2000002c   Section        6  usart.o(.data)
    s_dmaReadPt                              0x20000030   Data           2  usart.o(.data)
    .data                                    0x20000032   Section       20  stm32f10x_rcc.o(.data)
    APBAHBPrescTable                         0x20000032   Data          16  stm32f10x_rcc.o(.data)
    ADCPrescTable                            0x20000042   Data           4  stm32f10x_rcc.o(.data)
    .data                                    0x20000048   Section       64  tasks.o(.data)
    pxDelayedTaskList                        0x2000004c   Data           4  tasks.o(.data)
    pxOverflowDelayedTaskList                0x20000050   Data           4  tasks.o(.data)
    uxDeletedTasksWaitingCleanUp             0x20000054   Data           4  tasks.o(.data)
    uxCurrentNumberOfTasks                   0x20000058   Data           4  tasks.o(.data)
    xTickCount                               0x2000005c   Data           4  tasks.o(.data)
    uxTopReadyPriority                       0x20000060   Data           4  tasks.o(.data)
    xSchedulerRunning                        0x20000064   Data           4  tasks.o(.data)
    xPendedTicks                             0x20000068   Data           4  tasks.o(.data)
    xYieldPending                            0x2000006c   Data           4  tasks.o(.data)
    xNumOfOverflows                          0x20000070   Data           4  tasks.o(.data)
    uxTaskNumber                             0x20000074   Data           4  tasks.o(.data)
    xNextTaskUnblockTime                     0x20000078   Data           4  tasks.o(.data)
    xIdleTaskHandle                          0x2000007c   Data           4  tasks.o(.data)
    uxSchedulerSuspended                     0x20000084   Data           4  tasks.o(.data)
    .data                                    0x20000088   Section       20  timers.o(.data)
    pxCurrentTimerList                       0x20000088   Data           4  timers.o(.data)
    pxOverflowTimerList                      0x2000008c   Data           4  timers.o(.data)
    xTimerQueue                              0x20000090   Data           4  timers.o(.data)
    xTimerTaskHandle                         0x20000094   Data           4  timers.o(.data)
    xLastTime                                0x20000098   Data           4  timers.o(.data)
    .data                                    0x2000009c   Section       16  port.o(.data)
    uxCriticalNesting                        0x2000009c   Data           4  port.o(.data)
    ulTimerCountsForOneTick                  0x200000a0   Data           4  port.o(.data)
    xMaximumPossibleSuppressedTicks          0x200000a4   Data           4  port.o(.data)
    ulStoppedTimerCompensation               0x200000a8   Data           4  port.o(.data)
    .data                                    0x200000ac   Section       32  heap_4.o(.data)
    xStart                                   0x200000ac   Data           8  heap_4.o(.data)
    pxEnd                                    0x200000b4   Data           4  heap_4.o(.data)
    xFreeBytesRemaining                      0x200000b8   Data           4  heap_4.o(.data)
    xMinimumEverFreeBytesRemaining           0x200000bc   Data           4  heap_4.o(.data)
    xNumberOfSuccessfulAllocations           0x200000c0   Data           4  heap_4.o(.data)
    xNumberOfSuccessfulFrees                 0x200000c4   Data           4  heap_4.o(.data)
    xBlockAllocatedBit                       0x200000c8   Data           4  heap_4.o(.data)
    .data                                    0x200000cc   Section       40  usarttask.o(.data)
    g_UsartCmdList                           0x200000d4   Data          24  usarttask.o(.data)
    addr                                     0x200000ec   Data           4  usarttask.o(.data)
    metanalNum                               0x200000f0   Data           4  usarttask.o(.data)
    .bss                                     0x200000f4   Section      100  dma.o(.bss)
    .bss                                     0x20000158   Section       10  rtc.o(.bss)
    .bss                                     0x20000164   Section      200  tasks.o(.bss)
    pxReadyTasksLists                        0x20000164   Data         100  tasks.o(.bss)
    xDelayedTaskList1                        0x200001c8   Data          20  tasks.o(.bss)
    xDelayedTaskList2                        0x200001dc   Data          20  tasks.o(.bss)
    xPendingReadyList                        0x200001f0   Data          20  tasks.o(.bss)
    xTasksWaitingTermination                 0x20000204   Data          20  tasks.o(.bss)
    xSuspendedTaskList                       0x20000218   Data          20  tasks.o(.bss)
    .bss                                     0x2000022c   Section       40  timers.o(.bss)
    xActiveTimerList1                        0x2000022c   Data          20  timers.o(.bss)
    xActiveTimerList2                        0x20000240   Data          20  timers.o(.bss)
    .bss                                     0x20000254   Section    17408  heap_4.o(.bss)
    ucHeap                                   0x20000254   Data       17408  heap_4.o(.bss)
    .bss                                     0x20004654   Section       96  libspace.o(.bss)
    HEAP                                     0x200046b8   Section      512  startup_stm32f10x_hd.o(HEAP)
    Heap_Mem                                 0x200046b8   Data         512  startup_stm32f10x_hd.o(HEAP)
    STACK                                    0x200048b8   Section     1024  startup_stm32f10x_hd.o(STACK)
    Stack_Mem                                0x200048b8   Data        1024  startup_stm32f10x_hd.o(STACK)
    __initial_sp                             0x20004cb8   Data           0  startup_stm32f10x_hd.o(STACK)

    Global Symbols

    Symbol Name                              Value     Ov Type        Size  Object(Section)

    BuildAttributes$$THM_ISAv4$P$D$K$B$S$PE$A:L22UL41UL21$X:L11$S22US41US21$IEEE1$IW$USESV6$~STKCKD$USESV7$~SHL$OSPACE$ROPI$EBA8$UX$STANDARDLIB$REQ8$PRES8$EABIv2 0x00000000   Number         0  anon$$obj.o ABSOLUTE
    __ARM_use_no_argv                        0x00000000   Number         0  main.o ABSOLUTE
    _printf_flags                            0x00000000   Number         0  printf_stubs.o ABSOLUTE
    _printf_return_value                     0x00000000   Number         0  printf_stubs.o ABSOLUTE
    _printf_sizespec                         0x00000000   Number         0  printf_stubs.o ABSOLUTE
    _printf_widthprec                        0x00000000   Number         0  printf_stubs.o ABSOLUTE
    __ARM_exceptions_init                     - Undefined Weak Reference
    __alloca_initialize                       - Undefined Weak Reference
    __arm_preinit_                            - Undefined Weak Reference
    __cpp_initialize__aeabi_                  - Undefined Weak Reference
    __cxa_finalize                            - Undefined Weak Reference
    __sigvec_lookup                           - Undefined Weak Reference
    _atexit_init                              - Undefined Weak Reference
    _call_atexit_fns                          - Undefined Weak Reference
    _clock_init                               - Undefined Weak Reference
    _fp_trap_init                             - Undefined Weak Reference
    _fp_trap_shutdown                         - Undefined Weak Reference
    _get_lc_collate                           - Undefined Weak Reference
    _get_lc_monetary                          - Undefined Weak Reference
    _get_lc_numeric                           - Undefined Weak Reference
    _get_lc_time                              - Undefined Weak Reference
    _getenv_init                              - Undefined Weak Reference
    _handle_redirection                       - Undefined Weak Reference
    _init_alloc                               - Undefined Weak Reference
    _init_user_alloc                          - Undefined Weak Reference
    _initio                                   - Undefined Weak Reference
    _mutex_acquire                            - Undefined Weak Reference
    _mutex_release                            - Undefined Weak Reference
    _printf_mbtowc                            - Undefined Weak Reference
    _printf_truncate_signed                   - Undefined Weak Reference
    _printf_truncate_unsigned                 - Undefined Weak Reference
    _rand_init                                - Undefined Weak Reference
    _signal_finish                            - Undefined Weak Reference
    _signal_init                              - Undefined Weak Reference
    _terminate_alloc                          - Undefined Weak Reference
    _terminate_user_alloc                     - Undefined Weak Reference
    _terminateio                              - Undefined Weak Reference
    __Vectors_Size                           0x00000130   Number         0  startup_stm32f10x_hd.o ABSOLUTE
    __Vectors                                0x08000000   Data           4  startup_stm32f10x_hd.o(RESET)
    __Vectors_End                            0x08000130   Data           0  startup_stm32f10x_hd.o(RESET)
    __main                                   0x08000131   Thumb Code     8  __main.o(!!!main)
    __scatterload                            0x08000139   Thumb Code     0  __scatter.o(!!!scatter)
    __scatterload_rt2                        0x08000139   Thumb Code    44  __scatter.o(!!!scatter)
    __scatterload_rt2_thumb_only             0x08000139   Thumb Code     0  __scatter.o(!!!scatter)
    __scatterload_null                       0x08000147   Thumb Code     0  __scatter.o(!!!scatter)
    __scatterload_copy                       0x0800016d   Thumb Code    26  __scatter_copy.o(!!handler_copy)
    __scatterload_zeroinit                   0x08000189   Thumb Code    28  __scatter_zi.o(!!handler_zi)
    _printf_d                                0x080001a5   Thumb Code     0  _printf_d.o(.ARM.Collect$$_printf_percent$$00000009)
    _printf_percent                          0x080001a5   Thumb Code     0  _printf_percent.o(.ARM.Collect$$_printf_percent$$00000000)
    _printf_x                                0x080001ab   Thumb Code     0  _printf_x.o(.ARM.Collect$$_printf_percent$$0000000C)
    _printf_s                                0x080001b1   Thumb Code     0  _printf_s.o(.ARM.Collect$$_printf_percent$$00000014)
    _printf_percent_end                      0x080001b7   Thumb Code     0  _printf_percent_end.o(.ARM.Collect$$_printf_percent$$00000017)
    __rt_lib_init                            0x080001bb   Thumb Code     0  libinit.o(.ARM.Collect$$libinit$$00000000)
    __rt_lib_init_fp_1                       0x080001bd   Thumb Code     0  libinit2.o(.ARM.Collect$$libinit$$00000002)
    __rt_lib_init_heap_1                     0x080001bd   Thumb Code     0  libinit2.o(.ARM.Collect$$libinit$$0000000A)
    __rt_lib_init_lc_common                  0x080001bd   Thumb Code     0  libinit2.o(.ARM.Collect$$libinit$$0000000F)
    __rt_lib_init_preinit_1                  0x080001bd   Thumb Code     0  libinit2.o(.ARM.Collect$$libinit$$00000004)
    __rt_lib_init_rand_1                     0x080001bd   Thumb Code     0  libinit2.o(.ARM.Collect$$libinit$$0000000E)
    __rt_lib_init_user_alloc_1               0x080001bd   Thumb Code     0  libinit2.o(.ARM.Collect$$libinit$$0000000C)
    __rt_lib_init_lc_collate_1               0x080001c3   Thumb Code     0  libinit2.o(.ARM.Collect$$libinit$$00000011)
    __rt_lib_init_lc_ctype_2                 0x080001c3   Thumb Code     0  libinit2.o(.ARM.Collect$$libinit$$00000012)
    __rt_lib_init_alloca_1                   0x080001cf   Thumb Code     0  libinit2.o(.ARM.Collect$$libinit$$0000002E)
    __rt_lib_init_argv_1                     0x080001cf   Thumb Code     0  libinit2.o(.ARM.Collect$$libinit$$0000002C)
    __rt_lib_init_atexit_1                   0x080001cf   Thumb Code     0  libinit2.o(.ARM.Collect$$libinit$$0000001B)
    __rt_lib_init_clock_1                    0x080001cf   Thumb Code     0  libinit2.o(.ARM.Collect$$libinit$$00000021)
    __rt_lib_init_cpp_1                      0x080001cf   Thumb Code     0  libinit2.o(.ARM.Collect$$libinit$$00000032)
    __rt_lib_init_exceptions_1               0x080001cf   Thumb Code     0  libinit2.o(.ARM.Collect$$libinit$$00000030)
    __rt_lib_init_fp_trap_1                  0x080001cf   Thumb Code     0  libinit2.o(.ARM.Collect$$libinit$$0000001F)
    __rt_lib_init_getenv_1                   0x080001cf   Thumb Code     0  libinit2.o(.ARM.Collect$$libinit$$00000023)
    __rt_lib_init_lc_ctype_1                 0x080001cf   Thumb Code     0  libinit2.o(.ARM.Collect$$libinit$$00000013)
    __rt_lib_init_lc_monetary_1              0x080001cf   Thumb Code     0  libinit2.o(.ARM.Collect$$libinit$$00000015)
    __rt_lib_init_lc_numeric_1               0x080001cf   Thumb Code     0  libinit2.o(.ARM.Collect$$libinit$$00000017)
    __rt_lib_init_lc_time_1                  0x080001cf   Thumb Code     0  libinit2.o(.ARM.Collect$$libinit$$00000019)
    __rt_lib_init_return                     0x080001cf   Thumb Code     0  libinit2.o(.ARM.Collect$$libinit$$00000033)
    __rt_lib_init_signal_1                   0x080001cf   Thumb Code     0  libinit2.o(.ARM.Collect$$libinit$$0000001D)
    __rt_lib_init_stdio_1                    0x080001cf   Thumb Code     0  libinit2.o(.ARM.Collect$$libinit$$00000025)
    __rt_lib_shutdown                        0x080001d1   Thumb Code     0  libshutdown.o(.ARM.Collect$$libshutdown$$00000000)
    __rt_lib_shutdown_cpp_1                  0x080001d3   Thumb Code     0  libshutdown2.o(.ARM.Collect$$libshutdown$$00000002)
    __rt_lib_shutdown_fp_trap_1              0x080001d3   Thumb Code     0  libshutdown2.o(.ARM.Collect$$libshutdown$$00000007)
    __rt_lib_shutdown_heap_1                 0x080001d3   Thumb Code     0  libshutdown2.o(.ARM.Collect$$libshutdown$$0000000F)
    __rt_lib_shutdown_return                 0x080001d3   Thumb Code     0  libshutdown2.o(.ARM.Collect$$libshutdown$$00000010)
    __rt_lib_shutdown_signal_1               0x080001d3   Thumb Code     0  libshutdown2.o(.ARM.Collect$$libshutdown$$0000000A)
    __rt_lib_shutdown_stdio_1                0x080001d3   Thumb Code     0  libshutdown2.o(.ARM.Collect$$libshutdown$$00000004)
    __rt_lib_shutdown_user_alloc_1           0x080001d3   Thumb Code     0  libshutdown2.o(.ARM.Collect$$libshutdown$$0000000C)
    __rt_entry                               0x080001d5   Thumb Code     0  __rtentry.o(.ARM.Collect$$rtentry$$00000000)
    __rt_entry_presh_1                       0x080001d5   Thumb Code     0  __rtentry2.o(.ARM.Collect$$rtentry$$00000002)
    __rt_entry_sh                            0x080001d5   Thumb Code     0  __rtentry4.o(.ARM.Collect$$rtentry$$00000004)
    __rt_entry_li                            0x080001db   Thumb Code     0  __rtentry2.o(.ARM.Collect$$rtentry$$0000000A)
    __rt_entry_postsh_1                      0x080001db   Thumb Code     0  __rtentry2.o(.ARM.Collect$$rtentry$$00000009)
    __rt_entry_main                          0x080001df   Thumb Code     0  __rtentry2.o(.ARM.Collect$$rtentry$$0000000D)
    __rt_entry_postli_1                      0x080001df   Thumb Code     0  __rtentry2.o(.ARM.Collect$$rtentry$$0000000C)
    __rt_exit                                0x080001e7   Thumb Code     0  rtexit.o(.ARM.Collect$$rtexit$$00000000)
    __rt_exit_ls                             0x080001e9   Thumb Code     0  rtexit2.o(.ARM.Collect$$rtexit$$00000003)
    __rt_exit_prels_1                        0x080001e9   Thumb Code     0  rtexit2.o(.ARM.Collect$$rtexit$$00000002)
    __rt_exit_exit                           0x080001ed   Thumb Code     0  rtexit2.o(.ARM.Collect$$rtexit$$00000004)
    SVC_Handler                              0x080001f5   Thumb Code    32  port.o(.emb_text)
    __asm___6_port_c_39a90d8d__prvStartFirstTask 0x08000219   Thumb Code    28  port.o(.emb_text)
    PendSV_Handler                           0x08000239   Thumb Code    72  port.o(.emb_text)
    vPortGetIPSR                             0x08000285   Thumb Code     6  port.o(.emb_text)
    start_task                               0x0800028d   Thumb Code    66  main.o(.text)
    HandwareInit                             0x080002cf   Thumb Code    44  main.o(.text)
    main                                     0x080002fb   Thumb Code    42  main.o(.text)
    NMI_Handler                              0x08000375   Thumb Code     2  stm32f10x_it.o(.text)
    HardFault_Handler                        0x08000377   Thumb Code     4  stm32f10x_it.o(.text)
    MemManage_Handler                        0x0800037b   Thumb Code     4  stm32f10x_it.o(.text)
    BusFault_Handler                         0x0800037f   Thumb Code     4  stm32f10x_it.o(.text)
    UsageFault_Handler                       0x08000383   Thumb Code     4  stm32f10x_it.o(.text)
    DebugMon_Handler                         0x08000387   Thumb Code     2  stm32f10x_it.o(.text)
    SystemInit                               0x08000467   Thumb Code    78  system_stm32f10x.o(.text)
    SystemCoreClockUpdate                    0x080004b5   Thumb Code   142  system_stm32f10x.o(.text)
    LedInit                                  0x08000569   Thumb Code    50  led.o(.text)
    DmaConfig                                0x080005a1   Thumb Code    74  dma.o(.text)
    DmaEnable                                0x080005eb   Thumb Code    30  dma.o(.text)
    DMA1_Channel5_IRQHandler                 0x08000609   Thumb Code    34  dma.o(.text)
    STMFLASH_Write_NoCheck                   0x0800064d   Thumb Code    38  stmflash.o(.text)
    Eflash_Read                              0x08000673   Thumb Code    76  stmflash.o(.text)
    Eflash_Write                             0x080006bf   Thumb Code   284  stmflash.o(.text)
    Eflash_Page_Erase                        0x080007db   Thumb Code    20  stmflash.o(.text)
    RTC_Get_Week                             0x08000851   Thumb Code   116  rtc.o(.text)
    Is_Leap_Year                             0x080008c5   Thumb Code    58  rtc.o(.text)
    RTC_Get                                  0x080008ff   Thumb Code   240  rtc.o(.text)
    RTC_Set                                  0x080009ef   Thumb Code   188  rtc.o(.text)
    RTC_Init                                 0x08000aab   Thumb Code   190  rtc.o(.text)
    RTC_IRQHandler                           0x08000b69   Thumb Code    40  rtc.o(.text)
    delay_osschedlock                        0x08000bad   Thumb Code     2  delay.o(.text)
    delay_osschedunlock                      0x08000baf   Thumb Code     2  delay.o(.text)
    delay_ostimedly                          0x08000bb1   Thumb Code     2  delay.o(.text)
    SysTick_Handler                          0x08000bb3   Thumb Code    16  delay.o(.text)
    DelayInit                                0x08000bc3   Thumb Code    74  delay.o(.text)
    delay_us                                 0x08000c0d   Thumb Code    68  delay.o(.text)
    delay_ms                                 0x08000c51   Thumb Code    62  delay.o(.text)
    delay_xms                                0x08000c8f   Thumb Code    24  delay.o(.text)
    _sys_exit                                0x08000cb9   Thumb Code     6  usart.o(.text)
    fputc                                    0x08000cbf   Thumb Code    24  usart.o(.text)
    Uart1Init                                0x08000cd7   Thumb Code   164  usart.o(.text)
    USART1_IRQHandler                        0x08000d7b   Thumb Code    48  usart.o(.text)
    Uart2Init                                0x08000dab   Thumb Code   154  usart.o(.text)
    UartCheckData                            0x08000e45   Thumb Code    58  usart.o(.text)
    UartRxData                               0x08000e7f   Thumb Code   102  usart.o(.text)
    Reset_Handler                            0x08000f01   Thumb Code     8  startup_stm32f10x_hd.o(.text)
    ADC1_2_IRQHandler                        0x08000f1b   Thumb Code     0  startup_stm32f10x_hd.o(.text)
    ADC3_IRQHandler                          0x08000f1b   Thumb Code     0  startup_stm32f10x_hd.o(.text)
    CAN1_RX1_IRQHandler                      0x08000f1b   Thumb Code     0  startup_stm32f10x_hd.o(.text)
    CAN1_SCE_IRQHandler                      0x08000f1b   Thumb Code     0  startup_stm32f10x_hd.o(.text)
    DMA1_Channel1_IRQHandler                 0x08000f1b   Thumb Code     0  startup_stm32f10x_hd.o(.text)
    DMA1_Channel2_IRQHandler                 0x08000f1b   Thumb Code     0  startup_stm32f10x_hd.o(.text)
    DMA1_Channel3_IRQHandler                 0x08000f1b   Thumb Code     0  startup_stm32f10x_hd.o(.text)
    DMA1_Channel4_IRQHandler                 0x08000f1b   Thumb Code     0  startup_stm32f10x_hd.o(.text)
    DMA1_Channel6_IRQHandler                 0x08000f1b   Thumb Code     0  startup_stm32f10x_hd.o(.text)
    DMA1_Channel7_IRQHandler                 0x08000f1b   Thumb Code     0  startup_stm32f10x_hd.o(.text)
    DMA2_Channel1_IRQHandler                 0x08000f1b   Thumb Code     0  startup_stm32f10x_hd.o(.text)
    DMA2_Channel2_IRQHandler                 0x08000f1b   Thumb Code     0  startup_stm32f10x_hd.o(.text)
    DMA2_Channel3_IRQHandler                 0x08000f1b   Thumb Code     0  startup_stm32f10x_hd.o(.text)
    DMA2_Channel4_5_IRQHandler               0x08000f1b   Thumb Code     0  startup_stm32f10x_hd.o(.text)
    EXTI0_IRQHandler                         0x08000f1b   Thumb Code     0  startup_stm32f10x_hd.o(.text)
    EXTI15_10_IRQHandler                     0x08000f1b   Thumb Code     0  startup_stm32f10x_hd.o(.text)
    EXTI1_IRQHandler                         0x08000f1b   Thumb Code     0  startup_stm32f10x_hd.o(.text)
    EXTI2_IRQHandler                         0x08000f1b   Thumb Code     0  startup_stm32f10x_hd.o(.text)
    EXTI3_IRQHandler                         0x08000f1b   Thumb Code     0  startup_stm32f10x_hd.o(.text)
    EXTI4_IRQHandler                         0x08000f1b   Thumb Code     0  startup_stm32f10x_hd.o(.text)
    EXTI9_5_IRQHandler                       0x08000f1b   Thumb Code     0  startup_stm32f10x_hd.o(.text)
    FLASH_IRQHandler                         0x08000f1b   Thumb Code     0  startup_stm32f10x_hd.o(.text)
    FSMC_IRQHandler                          0x08000f1b   Thumb Code     0  startup_stm32f10x_hd.o(.text)
    I2C1_ER_IRQHandler                       0x08000f1b   Thumb Code     0  startup_stm32f10x_hd.o(.text)
    I2C1_EV_IRQHandler                       0x08000f1b   Thumb Code     0  startup_stm32f10x_hd.o(.text)
    I2C2_ER_IRQHandler                       0x08000f1b   Thumb Code     0  startup_stm32f10x_hd.o(.text)
    I2C2_EV_IRQHandler                       0x08000f1b   Thumb Code     0  startup_stm32f10x_hd.o(.text)
    PVD_IRQHandler                           0x08000f1b   Thumb Code     0  startup_stm32f10x_hd.o(.text)
    RCC_IRQHandler                           0x08000f1b   Thumb Code     0  startup_stm32f10x_hd.o(.text)
    RTCAlarm_IRQHandler                      0x08000f1b   Thumb Code     0  startup_stm32f10x_hd.o(.text)
    SDIO_IRQHandler                          0x08000f1b   Thumb Code     0  startup_stm32f10x_hd.o(.text)
    SPI1_IRQHandler                          0x08000f1b   Thumb Code     0  startup_stm32f10x_hd.o(.text)
    SPI2_IRQHandler                          0x08000f1b   Thumb Code     0  startup_stm32f10x_hd.o(.text)
    SPI3_IRQHandler                          0x08000f1b   Thumb Code     0  startup_stm32f10x_hd.o(.text)
    TAMPER_IRQHandler                        0x08000f1b   Thumb Code     0  startup_stm32f10x_hd.o(.text)
    TIM1_BRK_IRQHandler                      0x08000f1b   Thumb Code     0  startup_stm32f10x_hd.o(.text)
    TIM1_CC_IRQHandler                       0x08000f1b   Thumb Code     0  startup_stm32f10x_hd.o(.text)
    TIM1_TRG_COM_IRQHandler                  0x08000f1b   Thumb Code     0  startup_stm32f10x_hd.o(.text)
    TIM1_UP_IRQHandler                       0x08000f1b   Thumb Code     0  startup_stm32f10x_hd.o(.text)
    TIM2_IRQHandler                          0x08000f1b   Thumb Code     0  startup_stm32f10x_hd.o(.text)
    TIM3_IRQHandler                          0x08000f1b   Thumb Code     0  startup_stm32f10x_hd.o(.text)
    TIM4_IRQHandler                          0x08000f1b   Thumb Code     0  startup_stm32f10x_hd.o(.text)
    TIM5_IRQHandler                          0x08000f1b   Thumb Code     0  startup_stm32f10x_hd.o(.text)
    TIM6_IRQHandler                          0x08000f1b   Thumb Code     0  startup_stm32f10x_hd.o(.text)
    TIM7_IRQHandler                          0x08000f1b   Thumb Code     0  startup_stm32f10x_hd.o(.text)
    TIM8_BRK_IRQHandler                      0x08000f1b   Thumb Code     0  startup_stm32f10x_hd.o(.text)
    TIM8_CC_IRQHandler                       0x08000f1b   Thumb Code     0  startup_stm32f10x_hd.o(.text)
    TIM8_TRG_COM_IRQHandler                  0x08000f1b   Thumb Code     0  startup_stm32f10x_hd.o(.text)
    TIM8_UP_IRQHandler                       0x08000f1b   Thumb Code     0  startup_stm32f10x_hd.o(.text)
    UART4_IRQHandler                         0x08000f1b   Thumb Code     0  startup_stm32f10x_hd.o(.text)
    UART5_IRQHandler                         0x08000f1b   Thumb Code     0  startup_stm32f10x_hd.o(.text)
    USART2_IRQHandler                        0x08000f1b   Thumb Code     0  startup_stm32f10x_hd.o(.text)
    USART3_IRQHandler                        0x08000f1b   Thumb Code     0  startup_stm32f10x_hd.o(.text)
    USBWakeUp_IRQHandler                     0x08000f1b   Thumb Code     0  startup_stm32f10x_hd.o(.text)
    USB_HP_CAN1_TX_IRQHandler                0x08000f1b   Thumb Code     0  startup_stm32f10x_hd.o(.text)
    USB_LP_CAN1_RX0_IRQHandler               0x08000f1b   Thumb Code     0  startup_stm32f10x_hd.o(.text)
    WWDG_IRQHandler                          0x08000f1b   Thumb Code     0  startup_stm32f10x_hd.o(.text)
    __user_initial_stackheap                 0x08000f1d   Thumb Code     0  startup_stm32f10x_hd.o(.text)
    GPIO_DeInit                              0x08000f41   Thumb Code   172  stm32f10x_gpio.o(.text)
    GPIO_AFIODeInit                          0x08000fed   Thumb Code    20  stm32f10x_gpio.o(.text)
    GPIO_Init                                0x08001001   Thumb Code   278  stm32f10x_gpio.o(.text)
    GPIO_StructInit                          0x08001117   Thumb Code    16  stm32f10x_gpio.o(.text)
    GPIO_ReadInputDataBit                    0x08001127   Thumb Code    18  stm32f10x_gpio.o(.text)
    GPIO_ReadInputData                       0x08001139   Thumb Code     8  stm32f10x_gpio.o(.text)
    GPIO_ReadOutputDataBit                   0x08001141   Thumb Code    18  stm32f10x_gpio.o(.text)
    GPIO_ReadOutputData                      0x08001153   Thumb Code     8  stm32f10x_gpio.o(.text)
    GPIO_SetBits                             0x0800115b   Thumb Code     4  stm32f10x_gpio.o(.text)
    GPIO_ResetBits                           0x0800115f   Thumb Code     4  stm32f10x_gpio.o(.text)
    GPIO_WriteBit                            0x08001163   Thumb Code    10  stm32f10x_gpio.o(.text)
    GPIO_Write                               0x0800116d   Thumb Code     4  stm32f10x_gpio.o(.text)
    GPIO_PinLockConfig                       0x08001171   Thumb Code    18  stm32f10x_gpio.o(.text)
    GPIO_EventOutputConfig                   0x08001183   Thumb Code    26  stm32f10x_gpio.o(.text)
    GPIO_EventOutputCmd                      0x0800119d   Thumb Code     6  stm32f10x_gpio.o(.text)
    GPIO_PinRemapConfig                      0x080011a3   Thumb Code   138  stm32f10x_gpio.o(.text)
    GPIO_EXTILineConfig                      0x0800122d   Thumb Code    66  stm32f10x_gpio.o(.text)
    GPIO_ETH_MediaInterfaceConfig            0x0800126f   Thumb Code     8  stm32f10x_gpio.o(.text)
    RCC_DeInit                               0x0800129d   Thumb Code    64  stm32f10x_rcc.o(.text)
    RCC_HSEConfig                            0x080012dd   Thumb Code    70  stm32f10x_rcc.o(.text)
    RCC_GetFlagStatus                        0x08001323   Thumb Code    56  stm32f10x_rcc.o(.text)
    RCC_WaitForHSEStartUp                    0x0800135b   Thumb Code    56  stm32f10x_rcc.o(.text)
    RCC_AdjustHSICalibrationValue            0x08001393   Thumb Code    20  stm32f10x_rcc.o(.text)
    RCC_HSICmd                               0x080013a7   Thumb Code     6  stm32f10x_rcc.o(.text)
    RCC_PLLConfig                            0x080013ad   Thumb Code    24  stm32f10x_rcc.o(.text)
    RCC_PLLCmd                               0x080013c5   Thumb Code     6  stm32f10x_rcc.o(.text)
    RCC_SYSCLKConfig                         0x080013cb   Thumb Code    18  stm32f10x_rcc.o(.text)
    RCC_GetSYSCLKSource                      0x080013dd   Thumb Code    10  stm32f10x_rcc.o(.text)
    RCC_HCLKConfig                           0x080013e7   Thumb Code    18  stm32f10x_rcc.o(.text)
    RCC_PCLK1Config                          0x080013f9   Thumb Code    18  stm32f10x_rcc.o(.text)
    RCC_PCLK2Config                          0x0800140b   Thumb Code    20  stm32f10x_rcc.o(.text)
    RCC_ITConfig                             0x0800141f   Thumb Code    26  stm32f10x_rcc.o(.text)
    RCC_USBCLKConfig                         0x08001439   Thumb Code     8  stm32f10x_rcc.o(.text)
    RCC_ADCCLKConfig                         0x08001441   Thumb Code    18  stm32f10x_rcc.o(.text)
    RCC_LSEConfig                            0x08001453   Thumb Code    50  stm32f10x_rcc.o(.text)
    RCC_LSICmd                               0x08001485   Thumb Code     6  stm32f10x_rcc.o(.text)
    RCC_RTCCLKConfig                         0x0800148b   Thumb Code    12  stm32f10x_rcc.o(.text)
    RCC_RTCCLKCmd                            0x08001497   Thumb Code     8  stm32f10x_rcc.o(.text)
    RCC_GetClocksFreq                        0x0800149f   Thumb Code   192  stm32f10x_rcc.o(.text)
    RCC_AHBPeriphClockCmd                    0x0800155f   Thumb Code    26  stm32f10x_rcc.o(.text)
    RCC_APB2PeriphClockCmd                   0x08001579   Thumb Code    26  stm32f10x_rcc.o(.text)
    RCC_APB1PeriphClockCmd                   0x08001593   Thumb Code    26  stm32f10x_rcc.o(.text)
    RCC_APB2PeriphResetCmd                   0x080015ad   Thumb Code    26  stm32f10x_rcc.o(.text)
    RCC_APB1PeriphResetCmd                   0x080015c7   Thumb Code    26  stm32f10x_rcc.o(.text)
    RCC_BackupResetCmd                       0x080015e1   Thumb Code     8  stm32f10x_rcc.o(.text)
    RCC_ClockSecuritySystemCmd               0x080015e9   Thumb Code     6  stm32f10x_rcc.o(.text)
    RCC_MCOConfig                            0x080015ef   Thumb Code     6  stm32f10x_rcc.o(.text)
    RCC_ClearFlag                            0x080015f5   Thumb Code    14  stm32f10x_rcc.o(.text)
    RCC_GetITStatus                          0x08001603   Thumb Code    20  stm32f10x_rcc.o(.text)
    RCC_ClearITPendingBit                    0x08001617   Thumb Code     6  stm32f10x_rcc.o(.text)
    USART_DeInit                             0x08001641   Thumb Code   134  stm32f10x_usart.o(.text)
    USART_Init                               0x080016c7   Thumb Code   210  stm32f10x_usart.o(.text)
    USART_StructInit                         0x08001799   Thumb Code    24  stm32f10x_usart.o(.text)
    USART_ClockInit                          0x080017b1   Thumb Code    34  stm32f10x_usart.o(.text)
    USART_ClockStructInit                    0x080017d3   Thumb Code    12  stm32f10x_usart.o(.text)
    USART_Cmd                                0x080017df   Thumb Code    24  stm32f10x_usart.o(.text)
    USART_ITConfig                           0x080017f7   Thumb Code    74  stm32f10x_usart.o(.text)
    USART_DMACmd                             0x08001841   Thumb Code    18  stm32f10x_usart.o(.text)
    USART_SetAddress                         0x08001853   Thumb Code    18  stm32f10x_usart.o(.text)
    USART_WakeUpConfig                       0x08001865   Thumb Code    18  stm32f10x_usart.o(.text)
    USART_ReceiverWakeUpCmd                  0x08001877   Thumb Code    24  stm32f10x_usart.o(.text)
    USART_LINBreakDetectLengthConfig         0x0800188f   Thumb Code    18  stm32f10x_usart.o(.text)
    USART_LINCmd                             0x080018a1   Thumb Code    24  stm32f10x_usart.o(.text)
    USART_SendData                           0x080018b9   Thumb Code     8  stm32f10x_usart.o(.text)
    USART_ReceiveData                        0x080018c1   Thumb Code    10  stm32f10x_usart.o(.text)
    USART_SendBreak                          0x080018cb   Thumb Code    10  stm32f10x_usart.o(.text)
    USART_SetGuardTime                       0x080018d5   Thumb Code    16  stm32f10x_usart.o(.text)
    USART_SetPrescaler                       0x080018e5   Thumb Code    16  stm32f10x_usart.o(.text)
    USART_SmartCardCmd                       0x080018f5   Thumb Code    24  stm32f10x_usart.o(.text)
    USART_SmartCardNACKCmd                   0x0800190d   Thumb Code    24  stm32f10x_usart.o(.text)
    USART_HalfDuplexCmd                      0x08001925   Thumb Code    24  stm32f10x_usart.o(.text)
    USART_OverSampling8Cmd                   0x0800193d   Thumb Code    22  stm32f10x_usart.o(.text)
    USART_OneBitMethodCmd                    0x08001953   Thumb Code    24  stm32f10x_usart.o(.text)
    USART_IrDAConfig                         0x0800196b   Thumb Code    18  stm32f10x_usart.o(.text)
    USART_IrDACmd                            0x0800197d   Thumb Code    24  stm32f10x_usart.o(.text)
    USART_GetFlagStatus                      0x08001995   Thumb Code    26  stm32f10x_usart.o(.text)
    USART_ClearFlag                          0x080019af   Thumb Code    18  stm32f10x_usart.o(.text)
    USART_GetITStatus                        0x080019c1   Thumb Code    84  stm32f10x_usart.o(.text)
    USART_ClearITPendingBit                  0x08001a15   Thumb Code    52  stm32f10x_usart.o(.text)
    NVIC_PriorityGroupConfig                 0x08001a49   Thumb Code    10  misc.o(.text)
    NVIC_Init                                0x08001a53   Thumb Code   100  misc.o(.text)
    NVIC_SetVectorTable                      0x08001ab7   Thumb Code    14  misc.o(.text)
    NVIC_SystemLPConfig                      0x08001ac5   Thumb Code    34  misc.o(.text)
    SysTick_CLKSourceConfig                  0x08001ae7   Thumb Code    40  misc.o(.text)
    DMA_DeInit                               0x08001b25   Thumb Code   324  stm32f10x_dma.o(.text)
    DMA_Init                                 0x08001c69   Thumb Code    60  stm32f10x_dma.o(.text)
    DMA_StructInit                           0x08001ca5   Thumb Code    26  stm32f10x_dma.o(.text)
    DMA_Cmd                                  0x08001cbf   Thumb Code    24  stm32f10x_dma.o(.text)
    DMA_ITConfig                             0x08001cd7   Thumb Code    18  stm32f10x_dma.o(.text)
    DMA_SetCurrDataCounter                   0x08001ce9   Thumb Code     4  stm32f10x_dma.o(.text)
    DMA_GetCurrDataCounter                   0x08001ced   Thumb Code     8  stm32f10x_dma.o(.text)
    DMA_GetFlagStatus                        0x08001cf5   Thumb Code    40  stm32f10x_dma.o(.text)
    DMA_ClearFlag                            0x08001d1d   Thumb Code    22  stm32f10x_dma.o(.text)
    DMA_GetITStatus                          0x08001d33   Thumb Code    40  stm32f10x_dma.o(.text)
    DMA_ClearITPendingBit                    0x08001d5b   Thumb Code    22  stm32f10x_dma.o(.text)
    FLASH_SetLatency                         0x08001d79   Thumb Code    18  stm32f10x_flash.o(.text)
    FLASH_HalfCycleAccessCmd                 0x08001d8b   Thumb Code    22  stm32f10x_flash.o(.text)
    FLASH_PrefetchBufferCmd                  0x08001da1   Thumb Code    22  stm32f10x_flash.o(.text)
    FLASH_Unlock                             0x08001db7   Thumb Code    12  stm32f10x_flash.o(.text)
    FLASH_UnlockBank1                        0x08001dc3   Thumb Code    12  stm32f10x_flash.o(.text)
    FLASH_Lock                               0x08001dcf   Thumb Code    14  stm32f10x_flash.o(.text)
    FLASH_LockBank1                          0x08001ddd   Thumb Code    14  stm32f10x_flash.o(.text)
    FLASH_GetBank1Status                     0x08001deb   Thumb Code    48  stm32f10x_flash.o(.text)
    FLASH_WaitForLastOperation               0x08001e1b   Thumb Code    38  stm32f10x_flash.o(.text)
    FLASH_ErasePage                          0x08001e41   Thumb Code    72  stm32f10x_flash.o(.text)
    FLASH_EraseAllPages                      0x08001e89   Thumb Code    68  stm32f10x_flash.o(.text)
    FLASH_WaitForLastBank1Operation          0x08001ecd   Thumb Code    38  stm32f10x_flash.o(.text)
    FLASH_EraseAllBank1Pages                 0x08001ef3   Thumb Code    68  stm32f10x_flash.o(.text)
    FLASH_GetReadOutProtectionStatus         0x08001f37   Thumb Code    20  stm32f10x_flash.o(.text)
    FLASH_EraseOptionBytes                   0x08001f4b   Thumb Code   150  stm32f10x_flash.o(.text)
    FLASH_ProgramWord                        0x08001fe1   Thumb Code   102  stm32f10x_flash.o(.text)
    FLASH_ProgramHalfWord                    0x08002047   Thumb Code    60  stm32f10x_flash.o(.text)
    FLASH_ProgramOptionByteData              0x08002083   Thumb Code    72  stm32f10x_flash.o(.text)
    FLASH_EnableWriteProtection              0x080020cb   Thumb Code   200  stm32f10x_flash.o(.text)
    FLASH_ReadOutProtection                  0x08002193   Thumb Code   156  stm32f10x_flash.o(.text)
    FLASH_UserOptionByteConfig               0x0800222f   Thumb Code    88  stm32f10x_flash.o(.text)
    FLASH_GetUserOptionByte                  0x08002287   Thumb Code     8  stm32f10x_flash.o(.text)
    FLASH_GetWriteProtectionOptionByte       0x0800228f   Thumb Code     6  stm32f10x_flash.o(.text)
    FLASH_GetPrefetchBufferStatus            0x08002295   Thumb Code    20  stm32f10x_flash.o(.text)
    FLASH_ITConfig                           0x080022a9   Thumb Code    26  stm32f10x_flash.o(.text)
    FLASH_GetFlagStatus                      0x080022c3   Thumb Code    42  stm32f10x_flash.o(.text)
    FLASH_ClearFlag                          0x080022ed   Thumb Code     6  stm32f10x_flash.o(.text)
    FLASH_GetStatus                          0x080022f3   Thumb Code    48  stm32f10x_flash.o(.text)
    RTC_ITConfig                             0x08002335   Thumb Code    26  stm32f10x_rtc.o(.text)
    RTC_EnterConfigMode                      0x0800234f   Thumb Code    18  stm32f10x_rtc.o(.text)
    RTC_ExitConfigMode                       0x08002361   Thumb Code    20  stm32f10x_rtc.o(.text)
    RTC_GetCounter                           0x08002375   Thumb Code    18  stm32f10x_rtc.o(.text)
    RTC_SetCounter                           0x08002387   Thumb Code    26  stm32f10x_rtc.o(.text)
    RTC_SetPrescaler                         0x080023a1   Thumb Code    28  stm32f10x_rtc.o(.text)
    RTC_SetAlarm                             0x080023bd   Thumb Code    26  stm32f10x_rtc.o(.text)
    RTC_GetDivider                           0x080023d7   Thumb Code    22  stm32f10x_rtc.o(.text)
    RTC_WaitForLastTask                      0x080023ed   Thumb Code    18  stm32f10x_rtc.o(.text)
    RTC_WaitForSynchro                       0x080023ff   Thumb Code    36  stm32f10x_rtc.o(.text)
    RTC_GetFlagStatus                        0x08002423   Thumb Code    22  stm32f10x_rtc.o(.text)
    RTC_ClearFlag                            0x08002439   Thumb Code    16  stm32f10x_rtc.o(.text)
    RTC_GetITStatus                          0x08002449   Thumb Code    32  stm32f10x_rtc.o(.text)
    RTC_ClearITPendingBit                    0x08002469   Thumb Code    16  stm32f10x_rtc.o(.text)
    BKP_DeInit                               0x0800247d   Thumb Code    16  stm32f10x_bkp.o(.text)
    BKP_TamperPinLevelConfig                 0x0800248d   Thumb Code     6  stm32f10x_bkp.o(.text)
    BKP_TamperPinCmd                         0x08002493   Thumb Code     8  stm32f10x_bkp.o(.text)
    BKP_ITConfig                             0x0800249b   Thumb Code     8  stm32f10x_bkp.o(.text)
    BKP_RTCOutputConfig                      0x080024a3   Thumb Code    22  stm32f10x_bkp.o(.text)
    BKP_SetRTCCalibrationValue               0x080024b9   Thumb Code    22  stm32f10x_bkp.o(.text)
    BKP_WriteBackupRegister                  0x080024cf   Thumb Code    24  stm32f10x_bkp.o(.text)
    BKP_ReadBackupRegister                   0x080024e7   Thumb Code    26  stm32f10x_bkp.o(.text)
    BKP_GetFlagStatus                        0x08002501   Thumb Code    10  stm32f10x_bkp.o(.text)
    BKP_ClearFlag                            0x0800250b   Thumb Code    18  stm32f10x_bkp.o(.text)
    BKP_GetITStatus                          0x0800251d   Thumb Code    10  stm32f10x_bkp.o(.text)
    BKP_ClearITPendingBit                    0x08002527   Thumb Code    18  stm32f10x_bkp.o(.text)
    PWR_DeInit                               0x08002541   Thumb Code    22  stm32f10x_pwr.o(.text)
    PWR_BackupAccessCmd                      0x08002557   Thumb Code     6  stm32f10x_pwr.o(.text)
    PWR_PVDCmd                               0x0800255d   Thumb Code     6  stm32f10x_pwr.o(.text)
    PWR_PVDLevelConfig                       0x08002563   Thumb Code    18  stm32f10x_pwr.o(.text)
    PWR_WakeUpPinCmd                         0x08002575   Thumb Code     8  stm32f10x_pwr.o(.text)
    PWR_EnterSTOPMode                        0x0800257d   Thumb Code    54  stm32f10x_pwr.o(.text)
    PWR_EnterSTANDBYMode                     0x080025b3   Thumb Code    42  stm32f10x_pwr.o(.text)
    PWR_GetFlagStatus                        0x080025dd   Thumb Code    20  stm32f10x_pwr.o(.text)
    PWR_ClearFlag                            0x080025f1   Thumb Code    14  stm32f10x_pwr.o(.text)
    vListInitialise                          0x0800260d   Thumb Code    26  list.o(.text)
    vListInitialiseItem                      0x08002627   Thumb Code     6  list.o(.text)
    vListInsertEnd                           0x0800262d   Thumb Code    24  list.o(.text)
    vListInsert                              0x08002645   Thumb Code    52  list.o(.text)
    uxListRemove                             0x08002679   Thumb Code    40  list.o(.text)
    xQueueGenericReset                       0x080026a1   Thumb Code   156  queue.o(.text)
    xQueueGenericCreate                      0x08002767   Thumb Code    76  queue.o(.text)
    xQueueGenericSend                        0x080028cd   Thumb Code   276  queue.o(.text)
    xQueueCreateMutex                        0x080029ff   Thumb Code    34  queue.o(.text)
    xQueueGiveMutexRecursive                 0x08002a21   Thumb Code    48  queue.o(.text)
    xQueueSemaphoreTake                      0x08002a7f   Thumb Code   306  queue.o(.text)
    xQueueTakeMutexRecursive                 0x08002bb1   Thumb Code    54  queue.o(.text)
    xQueueGenericSendFromISR                 0x08002be7   Thumb Code   138  queue.o(.text)
    xQueueGiveFromISR                        0x08002c71   Thumb Code   120  queue.o(.text)
    xQueueReceive                            0x08002d13   Thumb Code   256  queue.o(.text)
    xQueuePeek                               0x08002e13   Thumb Code   262  queue.o(.text)
    xQueueReceiveFromISR                     0x08002f19   Thumb Code   138  queue.o(.text)
    xQueuePeekFromISR                        0x08002fa3   Thumb Code    74  queue.o(.text)
    uxQueueMessagesWaiting                   0x08002fed   Thumb Code    18  queue.o(.text)
    uxQueueSpacesAvailable                   0x08002fff   Thumb Code    24  queue.o(.text)
    uxQueueMessagesWaitingFromISR            0x08003017   Thumb Code     8  queue.o(.text)
    vQueueDelete                             0x0800301f   Thumb Code    14  queue.o(.text)
    uxQueueGetQueueNumber                    0x0800302d   Thumb Code     6  queue.o(.text)
    vQueueSetQueueNumber                     0x08003033   Thumb Code     4  queue.o(.text)
    ucQueueGetQueueType                      0x08003037   Thumb Code     8  queue.o(.text)
    xQueueIsQueueEmptyFromISR                0x0800303f   Thumb Code    16  queue.o(.text)
    xQueueIsQueueFullFromISR                 0x0800304f   Thumb Code    22  queue.o(.text)
    vQueueWaitForMessageRestricted           0x08003065   Thumb Code    74  queue.o(.text)
    xTaskCreate                              0x0800325f   Thumb Code    96  tasks.o(.text)
    vTaskDelete                              0x080032f9   Thumb Code   174  tasks.o(.text)
    xTaskIncrementTick                       0x080033a7   Thumb Code   434  tasks.o(.text)
    xTaskResumeAll                           0x08003559   Thumb Code   310  tasks.o(.text)
    vTaskSuspendAll                          0x08003733   Thumb Code    12  tasks.o(.text)
    xTaskDelayUntil                          0x0800373f   Thumb Code   108  tasks.o(.text)
    vTaskDelay                               0x080037ab   Thumb Code    46  tasks.o(.text)
    eTaskGetState                            0x080037d9   Thumb Code   118  tasks.o(.text)
    uxTaskPriorityGet                        0x0800384f   Thumb Code    30  tasks.o(.text)
    uxTaskPriorityGetFromISR                 0x0800386d   Thumb Code    52  tasks.o(.text)
    vTaskPrioritySet                         0x080038a1   Thumb Code   344  tasks.o(.text)
    vApplicationStackOverflowHook            0x080039f9   Thumb Code     2  tasks.o(.text)
    vTaskSwitchContext                       0x080039fb   Thumb Code   106  tasks.o(.text)
    vTaskSuspend                             0x08003a65   Thumb Code   188  tasks.o(.text)
    vTaskResume                              0x08003b59   Thumb Code   156  tasks.o(.text)
    xTaskResumeFromISR                       0x08003bf5   Thumb Code   190  tasks.o(.text)
    xTaskGetTickCount                        0x08003d61   Thumb Code     6  tasks.o(.text)
    vTaskStartScheduler                      0x08003dd1   Thumb Code    86  tasks.o(.text)
    vTaskEndScheduler                        0x08003e27   Thumb Code    32  tasks.o(.text)
    xTaskGetTickCountFromISR                 0x08003e47   Thumb Code     8  tasks.o(.text)
    uxTaskGetNumberOfTasks                   0x08003e4f   Thumb Code     6  tasks.o(.text)
    pcTaskGetName                            0x08003e55   Thumb Code    20  tasks.o(.text)
    vTaskGetInfo                             0x08003e7f   Thumb Code   126  tasks.o(.text)
    uxTaskGetSystemState                     0x08003f67   Thumb Code   152  tasks.o(.text)
    vTaskStepTick                            0x08003fff   Thumb Code    12  tasks.o(.text)
    xTaskCatchUpTicks                        0x0800400b   Thumb Code    28  tasks.o(.text)
    vTaskPlaceOnEventList                    0x08004027   Thumb Code    28  tasks.o(.text)
    vTaskPlaceOnUnorderedEventList           0x08004043   Thumb Code    74  tasks.o(.text)
    vTaskPlaceOnEventListRestricted          0x0800408d   Thumb Code    70  tasks.o(.text)
    xTaskRemoveFromEventList                 0x080040d3   Thumb Code   326  tasks.o(.text)
    vTaskRemoveFromUnorderedEventList        0x08004219   Thumb Code   194  tasks.o(.text)
    vTaskSetTimeOutState                     0x080042db   Thumb Code    26  tasks.o(.text)
    vTaskInternalSetTimeOutState             0x080042f5   Thumb Code    14  tasks.o(.text)
    xTaskCheckForTimeOut                     0x08004303   Thumb Code    88  tasks.o(.text)
    vTaskMissedYield                         0x0800435b   Thumb Code     8  tasks.o(.text)
    uxTaskGetTaskNumber                      0x08004363   Thumb Code    14  tasks.o(.text)
    vTaskSetTaskNumber                       0x08004371   Thumb Code     8  tasks.o(.text)
    eTaskConfirmSleepModeStatus              0x08004379   Thumb Code    52  tasks.o(.text)
    xTaskGetCurrentTaskHandle                0x080043ad   Thumb Code     6  tasks.o(.text)
    xTaskGetSchedulerState                   0x080043b3   Thumb Code    24  tasks.o(.text)
    xTaskPriorityInherit                     0x080043cb   Thumb Code   224  tasks.o(.text)
    xTaskPriorityDisinherit                  0x080044ab   Thumb Code   162  tasks.o(.text)
    vTaskPriorityDisinheritAfterTimeout      0x0800454d   Thumb Code   254  tasks.o(.text)
    vTaskList                                0x08004675   Thumb Code   156  tasks.o(.text)
    uxTaskResetEventItemValue                0x08004711   Thumb Code    24  tasks.o(.text)
    pvTaskIncrementMutexHeldCount            0x08004729   Thumb Code    26  tasks.o(.text)
    ulTaskGenericNotifyTake                  0x08004743   Thumb Code   128  tasks.o(.text)
    xTaskGenericNotifyWait                   0x080047c3   Thumb Code   164  tasks.o(.text)
    xTaskGenericNotify                       0x08004867   Thumb Code   318  tasks.o(.text)
    xTaskGenericNotifyFromISR                0x080049a5   Thumb Code   504  tasks.o(.text)
    vTaskGenericNotifyGiveFromISR            0x08004b9d   Thumb Code   310  tasks.o(.text)
    xTaskGenericNotifyStateClear             0x08004cd3   Thumb Code    58  tasks.o(.text)
    ulTaskGenericNotifyValueClear            0x08004d0d   Thumb Code    58  tasks.o(.text)
    GetTcbData                               0x08004d47   Thumb Code     2  tasks.o(.text)
    xTimerCreateTimerTask                    0x08005049   Thumb Code    40  timers.o(.text)
    xTimerCreate                             0x080050a9   Thumb Code    54  timers.o(.text)
    xTimerGenericCommand                     0x080050df   Thumb Code   102  timers.o(.text)
    xTimerGetTimerDaemonTaskHandle           0x08005145   Thumb Code     6  timers.o(.text)
    xTimerGetPeriod                          0x0800514b   Thumb Code     8  timers.o(.text)
    vTimerSetReloadMode                      0x08005153   Thumb Code    92  timers.o(.text)
    uxTimerGetReloadMode                     0x080051af   Thumb Code    34  timers.o(.text)
    xTimerGetExpiryTime                      0x080051d1   Thumb Code     8  timers.o(.text)
    pcTimerGetName                           0x080051d9   Thumb Code     8  timers.o(.text)
    xTimerIsTimerActive                      0x080051e1   Thumb Code    34  timers.o(.text)
    pvTimerGetTimerID                        0x08005203   Thumb Code    20  timers.o(.text)
    vTimerSetTimerID                         0x08005217   Thumb Code    20  timers.o(.text)
    uxTimerGetTimerNumber                    0x0800522b   Thumb Code     6  timers.o(.text)
    vTimerSetTimerNumber                     0x08005231   Thumb Code     4  timers.o(.text)
    pxPortInitialiseStack                    0x0800524b   Thumb Code    30  port.o(.text)
    vPortSetupTimerInterrupt                 0x08005269   Thumb Code    50  port.o(.text)
    xPortStartScheduler                      0x0800529b   Thumb Code    42  port.o(.text)
    vPortEndScheduler                        0x080052c5   Thumb Code     2  port.o(.text)
    vPortEnterCritical                       0x080052c7   Thumb Code    30  port.o(.text)
    vPortExitCritical                        0x080052e5   Thumb Code    28  port.o(.text)
    xPortSysTickHandler                      0x08005301   Thumb Code    48  port.o(.text)
    vPortSuppressTicksAndSleep               0x08005331   Thumb Code   320  port.o(.text)
    pvPortMalloc                             0x0800554f   Thumb Code   228  heap_4.o(.text)
    vPortFree                                0x08005633   Thumb Code    74  heap_4.o(.text)
    xPortGetFreeHeapSize                     0x0800567d   Thumb Code     6  heap_4.o(.text)
    xPortGetMinimumEverFreeHeapSize          0x08005683   Thumb Code     6  heap_4.o(.text)
    vPortInitialiseBlocks                    0x08005689   Thumb Code     2  heap_4.o(.text)
    vPortGetHeapStats                        0x0800568b   Thumb Code   104  heap_4.o(.text)
    PrintBuf                                 0x08005715   Thumb Code    36  usarttask.o(.text)
    PrintStrBuf                              0x08005739   Thumb Code    56  usarttask.o(.text)
    Bcd2Asc                                  0x08005771   Thumb Code    78  usarttask.o(.text)
    Bcd2Hex                                  0x080057bf   Thumb Code    50  usarttask.o(.text)
    GetMetanalDataQueue                      0x080057f1   Thumb Code    80  usarttask.o(.text)
    GetFlashWriteDataQueue                   0x08005841   Thumb Code    80  usarttask.o(.text)
    MetanalWriteDataProcess                  0x08005891   Thumb Code   216  usarttask.o(.text)
    MetanalReadDataProcess                   0x08005969   Thumb Code   114  usarttask.o(.text)
    RtcSetProcess                            0x080059db   Thumb Code    66  usarttask.o(.text)
    UsartTask                                0x08005a35   Thumb Code   136  usarttask.o(.text)
    FlashWriteTask                           0x08005b51   Thumb Code   392  flashwritetask.o(.text)
    __use_no_semihosting                     0x08005d25   Thumb Code     2  use_no_semi_2.o(.text)
    __2printf                                0x08005d29   Thumb Code    20  noretval__2printf.o(.text)
    _printf_pre_padding                      0x08005d41   Thumb Code    44  _printf_pad.o(.text)
    _printf_post_padding                     0x08005d6d   Thumb Code    34  _printf_pad.o(.text)
    _printf_str                              0x08005d8f   Thumb Code    82  _printf_str.o(.text)
    _printf_int_dec                          0x08005de1   Thumb Code   104  _printf_dec.o(.text)
    _printf_int_hex                          0x08005e59   Thumb Code    84  _printf_hex_int.o(.text)
    _printf_longlong_hex                     0x08005e59   Thumb Code     0  _printf_hex_int.o(.text)
    __printf                                 0x08005eb1   Thumb Code   308  __printf_flags_wp.o(.text)
    atoi                                     0x08005fe9   Thumb Code    26  atoi.o(.text)
    memcmp                                   0x08006003   Thumb Code    88  memcmp.o(.text)
    strcpy                                   0x0800605b   Thumb Code    72  strcpy.o(.text)
    strlen                                   0x080060a3   Thumb Code    62  strlen.o(.text)
    __aeabi_memcpy                           0x080060e1   Thumb Code     0  rt_memcpy_v6.o(.text)
    __rt_memcpy                              0x080060e1   Thumb Code   138  rt_memcpy_v6.o(.text)
    _memcpy_lastbytes                        0x08006147   Thumb Code     0  rt_memcpy_v6.o(.text)
    __aeabi_memmove4                         0x0800616b   Thumb Code     0  rt_memmove_w.o(.text)
    __aeabi_memmove8                         0x0800616b   Thumb Code     0  rt_memmove_w.o(.text)
    __rt_memmove_w                           0x0800616b   Thumb Code   122  rt_memmove_w.o(.text)
    __memmove_aligned                        0x08006191   Thumb Code     0  rt_memmove_w.o(.text)
    __memmove_lastfew_aligned                0x080061c9   Thumb Code     0  rt_memmove_w.o(.text)
    __aeabi_memset                           0x080061e5   Thumb Code    16  aeabi_memset.o(.text)
    __use_two_region_memory                  0x080061f5   Thumb Code     2  heapauxi.o(.text)
    __rt_heap_escrow$2region                 0x080061f7   Thumb Code     2  heapauxi.o(.text)
    __rt_heap_expand$2region                 0x080061f9   Thumb Code     2  heapauxi.o(.text)
    __I$use$semihosting                      0x080061fb   Thumb Code     0  use_no_semi.o(.text)
    __use_no_semihosting_swi                 0x080061fb   Thumb Code     2  use_no_semi.o(.text)
    __aeabi_errno_addr                       0x080061fd   Thumb Code     8  rt_errno_addr_intlibspace.o(.text)
    __errno$intlibspace                      0x080061fd   Thumb Code     0  rt_errno_addr_intlibspace.o(.text)
    __rt_errno_addr$intlibspace              0x080061fd   Thumb Code     0  rt_errno_addr_intlibspace.o(.text)
    _printf_int_common                       0x08006205   Thumb Code   178  _printf_intcommon.o(.text)
    _printf_cs_common                        0x080062b7   Thumb Code    20  _printf_char.o(.text)
    _printf_char                             0x080062cb   Thumb Code    16  _printf_char.o(.text)
    _printf_string                           0x080062db   Thumb Code     8  _printf_char.o(.text)
    _printf_char_file                        0x080062e5   Thumb Code    32  _printf_char_file.o(.text)
    strtol                                   0x08006309   Thumb Code   112  strtol.o(.text)
    __aeabi_memcpy4                          0x08006379   Thumb Code     0  rt_memcpy_w.o(.text)
    __aeabi_memcpy8                          0x08006379   Thumb Code     0  rt_memcpy_w.o(.text)
    __rt_memcpy_w                            0x08006379   Thumb Code   100  rt_memcpy_w.o(.text)
    _memcpy_lastbytes_aligned                0x080063c1   Thumb Code     0  rt_memcpy_w.o(.text)
    __aeabi_memclr                           0x080063dd   Thumb Code     0  rt_memclr.o(.text)
    __rt_memclr                              0x080063dd   Thumb Code    68  rt_memclr.o(.text)
    _memset                                  0x080063e1   Thumb Code     0  rt_memclr.o(.text)
    __user_libspace                          0x08006421   Thumb Code     8  libspace.o(.text)
    __user_perproc_libspace                  0x08006421   Thumb Code     0  libspace.o(.text)
    __user_perthread_libspace                0x08006421   Thumb Code     0  libspace.o(.text)
    __rt_ctype_table                         0x08006429   Thumb Code    16  rt_ctype_table.o(.text)
    _printf_char_common                      0x08006443   Thumb Code    32  _printf_char_common.o(.text)
    _strtoul                                 0x08006469   Thumb Code   158  _strtoul.o(.text)
    ferror                                   0x08006507   Thumb Code     8  ferror.o(.text)
    __aeabi_memclr4                          0x0800650f   Thumb Code     0  rt_memclr_w.o(.text)
    __aeabi_memclr8                          0x0800650f   Thumb Code     0  rt_memclr_w.o(.text)
    __rt_memclr_w                            0x0800650f   Thumb Code    78  rt_memclr_w.o(.text)
    _memset_w                                0x08006513   Thumb Code     0  rt_memclr_w.o(.text)
    __user_setup_stackheap                   0x0800655d   Thumb Code    74  sys_stackheap_outer.o(.text)
    __rt_locale                              0x080065a9   Thumb Code     8  rt_locale_intlibspace.o(.text)
    _chval                                   0x080065b1   Thumb Code    28  _chval.o(.text)
    exit                                     0x080065cd   Thumb Code    18  exit.o(.text)
    strcmp                                   0x080065e1   Thumb Code   128  strcmpv7m.o(.text)
    _is_digit                                0x08006661   Thumb Code    14  __printf_wp.o(i._is_digit)
    _get_lc_ctype                            0x08006671   Thumb Code    44  lc_ctype_c.o(locale$$code)
    table_week                               0x080066b5   Data          12  rtc.o(.constdata)
    mon_table                                0x080066c1   Data          12  rtc.o(.constdata)
    Region$$Table$$Base                      0x08006724   Number         0  anon$$obj.o(Region$$Table)
    Region$$Table$$Limit                     0x08006744   Number         0  anon$$obj.o(Region$$Table)
    __ctype                                  0x08006751   Data           0  lc_ctype_c.o(locale$$data)
    StartTask_Handler                        0x20000000   Data           4  main.o(.data)
    UsartTask_Handler                        0x20000004   Data           4  main.o(.data)
    MetanalDataProcessTask_Handler           0x20000008   Data           4  main.o(.data)
    FlashWriteTask_Handler                   0x2000000c   Data           4  main.o(.data)
    SystemCoreClock                          0x20000010   Data           4  system_stm32f10x.o(.data)
    AHBPrescTable                            0x20000014   Data          16  system_stm32f10x.o(.data)
    __stdout                                 0x2000002c   Data           4  usart.o(.data)
    pxCurrentTCB                             0x20000048   Data           4  tasks.o(.data)
    uxTopUsedPriority                        0x20000080   Data           4  tasks.o(.data)
    MetanalDataQueue                         0x200000cc   Data           4  usarttask.o(.data)
    FlashWriteDataQueue                      0x200000d0   Data           4  usarttask.o(.data)
    g_DmaRcvBuf                              0x200000f4   Data         100  dma.o(.bss)
    calendar                                 0x20000158   Data          10  rtc.o(.bss)
    __libspace_start                         0x20004654   Data          96  libspace.o(.bss)
    __temporary_stack_top$libspace           0x200046b4   Data           0  libspace.o(.bss)



==============================================================================

Memory Map of the image

  Image Entry point : 0x08000131

  Load Region LR_IROM1 (Base: 0x08000000, Size: 0x00006948, Max: 0x00010000, ABSOLUTE)

    Execution Region ER_IROM1 (Base: 0x08000000, Size: 0x00006854, Max: 0x00010000, ABSOLUTE)

    Base Addr    Size         Type   Attr      Idx    E Section Name        Object

    0x08000000   0x00000130   Data   RO          390    RESET               startup_stm32f10x_hd.o
    0x08000130   0x00000008   Code   RO          816  * !!!main             c_w.l(__main.o)
    0x08000138   0x00000034   Code   RO         1015    !!!scatter          c_w.l(__scatter.o)
    0x0800016c   0x0000001a   Code   RO         1017    !!handler_copy      c_w.l(__scatter_copy.o)
    0x08000186   0x00000002   PAD
    0x08000188   0x0000001c   Code   RO         1019    !!handler_zi        c_w.l(__scatter_zi.o)
    0x080001a4   0x00000000   Code   RO          799    .ARM.Collect$$_printf_percent$$00000000  c_w.l(_printf_percent.o)
    0x080001a4   0x00000006   Code   RO          798    .ARM.Collect$$_printf_percent$$00000009  c_w.l(_printf_d.o)
    0x080001aa   0x00000006   Code   RO          797    .ARM.Collect$$_printf_percent$$0000000C  c_w.l(_printf_x.o)
    0x080001b0   0x00000006   Code   RO          796    .ARM.Collect$$_printf_percent$$00000014  c_w.l(_printf_s.o)
    0x080001b6   0x00000004   Code   RO          832    .ARM.Collect$$_printf_percent$$00000017  c_w.l(_printf_percent_end.o)
    0x080001ba   0x00000002   Code   RO          890    .ARM.Collect$$libinit$$00000000  c_w.l(libinit.o)
    0x080001bc   0x00000000   Code   RO          896    .ARM.Collect$$libinit$$00000002  c_w.l(libinit2.o)
    0x080001bc   0x00000000   Code   RO          898    .ARM.Collect$$libinit$$00000004  c_w.l(libinit2.o)
    0x080001bc   0x00000000   Code   RO          901    .ARM.Collect$$libinit$$0000000A  c_w.l(libinit2.o)
    0x080001bc   0x00000000   Code   RO          903    .ARM.Collect$$libinit$$0000000C  c_w.l(libinit2.o)
    0x080001bc   0x00000000   Code   RO          905    .ARM.Collect$$libinit$$0000000E  c_w.l(libinit2.o)
    0x080001bc   0x00000006   Code   RO          906    .ARM.Collect$$libinit$$0000000F  c_w.l(libinit2.o)
    0x080001c2   0x00000000   Code   RO          908    .ARM.Collect$$libinit$$00000011  c_w.l(libinit2.o)
    0x080001c2   0x0000000c   Code   RO          909    .ARM.Collect$$libinit$$00000012  c_w.l(libinit2.o)
    0x080001ce   0x00000000   Code   RO          910    .ARM.Collect$$libinit$$00000013  c_w.l(libinit2.o)
    0x080001ce   0x00000000   Code   RO          912    .ARM.Collect$$libinit$$00000015  c_w.l(libinit2.o)
    0x080001ce   0x00000000   Code   RO          914    .ARM.Collect$$libinit$$00000017  c_w.l(libinit2.o)
    0x080001ce   0x00000000   Code   RO          916    .ARM.Collect$$libinit$$00000019  c_w.l(libinit2.o)
    0x080001ce   0x00000000   Code   RO          918    .ARM.Collect$$libinit$$0000001B  c_w.l(libinit2.o)
    0x080001ce   0x00000000   Code   RO          920    .ARM.Collect$$libinit$$0000001D  c_w.l(libinit2.o)
    0x080001ce   0x00000000   Code   RO          922    .ARM.Collect$$libinit$$0000001F  c_w.l(libinit2.o)
    0x080001ce   0x00000000   Code   RO          924    .ARM.Collect$$libinit$$00000021  c_w.l(libinit2.o)
    0x080001ce   0x00000000   Code   RO          926    .ARM.Collect$$libinit$$00000023  c_w.l(libinit2.o)
    0x080001ce   0x00000000   Code   RO          928    .ARM.Collect$$libinit$$00000025  c_w.l(libinit2.o)
    0x080001ce   0x00000000   Code   RO          932    .ARM.Collect$$libinit$$0000002C  c_w.l(libinit2.o)
    0x080001ce   0x00000000   Code   RO          934    .ARM.Collect$$libinit$$0000002E  c_w.l(libinit2.o)
    0x080001ce   0x00000000   Code   RO          936    .ARM.Collect$$libinit$$00000030  c_w.l(libinit2.o)
    0x080001ce   0x00000000   Code   RO          938    .ARM.Collect$$libinit$$00000032  c_w.l(libinit2.o)
    0x080001ce   0x00000002   Code   RO          939    .ARM.Collect$$libinit$$00000033  c_w.l(libinit2.o)
    0x080001d0   0x00000002   Code   RO          957    .ARM.Collect$$libshutdown$$00000000  c_w.l(libshutdown.o)
    0x080001d2   0x00000000   Code   RO          967    .ARM.Collect$$libshutdown$$00000002  c_w.l(libshutdown2.o)
    0x080001d2   0x00000000   Code   RO          969    .ARM.Collect$$libshutdown$$00000004  c_w.l(libshutdown2.o)
    0x080001d2   0x00000000   Code   RO          972    .ARM.Collect$$libshutdown$$00000007  c_w.l(libshutdown2.o)
    0x080001d2   0x00000000   Code   RO          975    .ARM.Collect$$libshutdown$$0000000A  c_w.l(libshutdown2.o)
    0x080001d2   0x00000000   Code   RO          977    .ARM.Collect$$libshutdown$$0000000C  c_w.l(libshutdown2.o)
    0x080001d2   0x00000000   Code   RO          980    .ARM.Collect$$libshutdown$$0000000F  c_w.l(libshutdown2.o)
    0x080001d2   0x00000002   Code   RO          981    .ARM.Collect$$libshutdown$$00000010  c_w.l(libshutdown2.o)
    0x080001d4   0x00000000   Code   RO          820    .ARM.Collect$$rtentry$$00000000  c_w.l(__rtentry.o)
    0x080001d4   0x00000000   Code   RO          843    .ARM.Collect$$rtentry$$00000002  c_w.l(__rtentry2.o)
    0x080001d4   0x00000006   Code   RO          855    .ARM.Collect$$rtentry$$00000004  c_w.l(__rtentry4.o)
    0x080001da   0x00000000   Code   RO          845    .ARM.Collect$$rtentry$$00000009  c_w.l(__rtentry2.o)
    0x080001da   0x00000004   Code   RO          846    .ARM.Collect$$rtentry$$0000000A  c_w.l(__rtentry2.o)
    0x080001de   0x00000000   Code   RO          848    .ARM.Collect$$rtentry$$0000000C  c_w.l(__rtentry2.o)
    0x080001de   0x00000008   Code   RO          849    .ARM.Collect$$rtentry$$0000000D  c_w.l(__rtentry2.o)
    0x080001e6   0x00000002   Code   RO          891    .ARM.Collect$$rtexit$$00000000  c_w.l(rtexit.o)
    0x080001e8   0x00000000   Code   RO          941    .ARM.Collect$$rtexit$$00000002  c_w.l(rtexit2.o)
    0x080001e8   0x00000004   Code   RO          942    .ARM.Collect$$rtexit$$00000003  c_w.l(rtexit2.o)
    0x080001ec   0x00000006   Code   RO          943    .ARM.Collect$$rtexit$$00000004  c_w.l(rtexit2.o)
    0x080001f2   0x00000002   PAD
    0x080001f4   0x00000096   Code   RO          644    .emb_text           port.o
    0x0800028a   0x00000002   PAD
    0x0800028c   0x000000e8   Code   RO            1    .text               main.o
    0x08000374   0x00000014   Code   RO          179    .text               stm32f10x_it.o
    0x08000388   0x000001e0   Code   RO          220    .text               system_stm32f10x.o
    0x08000568   0x00000038   Code   RO          238    .text               led.o
    0x080005a0   0x000000ac   Code   RO          250    .text               dma.o
    0x0800064c   0x000001e4   Code   RO          268    .text               stmflash.o
    0x08000830   0x0000037c   Code   RO          288    .text               rtc.o
    0x08000bac   0x0000010c   Code   RO          308    .text               delay.o
    0x08000cb8   0x00000248   Code   RO          348    .text               usart.o
    0x08000f00   0x00000040   Code   RO          391    .text               startup_stm32f10x_hd.o
    0x08000f40   0x0000035c   Code   RO          395    .text               stm32f10x_gpio.o
    0x0800129c   0x000003a4   Code   RO          407    .text               stm32f10x_rcc.o
    0x08001640   0x00000408   Code   RO          421    .text               stm32f10x_usart.o
    0x08001a48   0x000000dc   Code   RO          433    .text               misc.o
    0x08001b24   0x00000254   Code   RO          457    .text               stm32f10x_dma.o
    0x08001d78   0x000005bc   Code   RO          469    .text               stm32f10x_flash.o
    0x08002334   0x00000148   Code   RO          481    .text               stm32f10x_rtc.o
    0x0800247c   0x000000c4   Code   RO          493    .text               stm32f10x_bkp.o
    0x08002540   0x000000cc   Code   RO          505    .text               stm32f10x_pwr.o
    0x0800260c   0x00000094   Code   RO          562    .text               list.o
    0x080026a0   0x00000a0e   Code   RO          577    .text               queue.o
    0x080030ae   0x00000002   PAD
    0x080030b0   0x00001cb0   Code   RO          595    .text               tasks.o
    0x08004d60   0x000004d4   Code   RO          626    .text               timers.o
    0x08005234   0x00000258   Code   RO          645    .text               port.o
    0x0800548c   0x00000288   Code   RO          674    .text               heap_4.o
    0x08005714   0x0000043c   Code   RO          689    .text               usarttask.o
    0x08005b50   0x000001d4   Code   RO          726    .text               flashwritetask.o
    0x08005d24   0x00000002   Code   RO          741    .text               c_w.l(use_no_semi_2.o)
    0x08005d26   0x00000002   PAD
    0x08005d28   0x00000018   Code   RO          745    .text               c_w.l(noretval__2printf.o)
    0x08005d40   0x0000004e   Code   RO          749    .text               c_w.l(_printf_pad.o)
    0x08005d8e   0x00000052   Code   RO          751    .text               c_w.l(_printf_str.o)
    0x08005de0   0x00000078   Code   RO          753    .text               c_w.l(_printf_dec.o)
    0x08005e58   0x00000058   Code   RO          758    .text               c_w.l(_printf_hex_int.o)
    0x08005eb0   0x00000138   Code   RO          788    .text               c_w.l(__printf_flags_wp.o)
    0x08005fe8   0x0000001a   Code   RO          800    .text               c_w.l(atoi.o)
    0x08006002   0x00000058   Code   RO          802    .text               c_w.l(memcmp.o)
    0x0800605a   0x00000048   Code   RO          804    .text               c_w.l(strcpy.o)
    0x080060a2   0x0000003e   Code   RO          806    .text               c_w.l(strlen.o)
    0x080060e0   0x0000008a   Code   RO          808    .text               c_w.l(rt_memcpy_v6.o)
    0x0800616a   0x0000007a   Code   RO          810    .text               c_w.l(rt_memmove_w.o)
    0x080061e4   0x00000010   Code   RO          812    .text               c_w.l(aeabi_memset.o)
    0x080061f4   0x00000006   Code   RO          814    .text               c_w.l(heapauxi.o)
    0x080061fa   0x00000002   Code   RO          818    .text               c_w.l(use_no_semi.o)
    0x080061fc   0x00000008   Code   RO          824    .text               c_w.l(rt_errno_addr_intlibspace.o)
    0x08006204   0x000000b2   Code   RO          826    .text               c_w.l(_printf_intcommon.o)
    0x080062b6   0x0000002c   Code   RO          828    .text               c_w.l(_printf_char.o)
    0x080062e2   0x00000002   PAD
    0x080062e4   0x00000024   Code   RO          830    .text               c_w.l(_printf_char_file.o)
    0x08006308   0x00000070   Code   RO          833    .text               c_w.l(strtol.o)
    0x08006378   0x00000064   Code   RO          835    .text               c_w.l(rt_memcpy_w.o)
    0x080063dc   0x00000044   Code   RO          837    .text               c_w.l(rt_memclr.o)
    0x08006420   0x00000008   Code   RO          839    .text               c_w.l(libspace.o)
    0x08006428   0x00000010   Code   RO          857    .text               c_w.l(rt_ctype_table.o)
    0x08006438   0x00000030   Code   RO          859    .text               c_w.l(_printf_char_common.o)
    0x08006468   0x0000009e   Code   RO          861    .text               c_w.l(_strtoul.o)
    0x08006506   0x00000008   Code   RO          863    .text               c_w.l(ferror.o)
    0x0800650e   0x0000004e   Code   RO          867    .text               c_w.l(rt_memclr_w.o)
    0x0800655c   0x0000004a   Code   RO          869    .text               c_w.l(sys_stackheap_outer.o)
    0x080065a6   0x00000002   PAD
    0x080065a8   0x00000008   Code   RO          874    .text               c_w.l(rt_locale_intlibspace.o)
    0x080065b0   0x0000001c   Code   RO          878    .text               c_w.l(_chval.o)
    0x080065cc   0x00000012   Code   RO          883    .text               c_w.l(exit.o)
    0x080065de   0x00000002   PAD
    0x080065e0   0x00000080   Code   RO          893    .text               c_w.l(strcmpv7m.o)
    0x08006660   0x0000000e   Code   RO          786    i._is_digit         c_w.l(__printf_wp.o)
    0x0800666e   0x00000002   PAD
    0x08006670   0x0000002c   Code   RO          881    locale$$code        c_w.l(lc_ctype_c.o)
    0x0800669c   0x00000019   Data   RO          269    .constdata          stmflash.o
    0x080066b5   0x00000018   Data   RO          290    .constdata          rtc.o
    0x080066cd   0x0000000f   Data   RO          727    .constdata          flashwritetask.o
    0x080066dc   0x00000028   Data   RO          759    .constdata          c_w.l(_printf_hex_int.o)
    0x08006704   0x00000011   Data   RO          789    .constdata          c_w.l(__printf_flags_wp.o)
    0x08006715   0x00000003   PAD
    0x08006718   0x0000000b   Data   RO          690    .conststring        usarttask.o
    0x08006723   0x00000001   PAD
    0x08006724   0x00000020   Data   RO         1013    Region$$Table       anon$$obj.o
    0x08006744   0x00000110   Data   RO          880    locale$$data        c_w.l(lc_ctype_c.o)


    Execution Region RW_IRAM1 (Base: 0x20000000, Size: 0x00004cb8, Max: 0x00005000, ABSOLUTE)

    Base Addr    Size         Type   Attr      Idx    E Section Name        Object

    0x20000000   0x00000010   Data   RW            2    .data               main.o
    0x20000010   0x00000014   Data   RW          221    .data               system_stm32f10x.o
    0x20000024   0x00000002   Data   RW          291    .data               rtc.o
    0x20000026   0x00000004   Data   RW          309    .data               delay.o
    0x2000002a   0x00000002   PAD
    0x2000002c   0x00000006   Data   RW          349    .data               usart.o
    0x20000032   0x00000014   Data   RW          408    .data               stm32f10x_rcc.o
    0x20000046   0x00000002   PAD
    0x20000048   0x00000040   Data   RW          597    .data               tasks.o
    0x20000088   0x00000014   Data   RW          628    .data               timers.o
    0x2000009c   0x00000010   Data   RW          646    .data               port.o
    0x200000ac   0x00000020   Data   RW          676    .data               heap_4.o
    0x200000cc   0x00000028   Data   RW          691    .data               usarttask.o
    0x200000f4   0x00000064   Zero   RW          251    .bss                dma.o
    0x20000158   0x0000000a   Zero   RW          289    .bss                rtc.o
    0x20000162   0x00000002   PAD
    0x20000164   0x000000c8   Zero   RW          596    .bss                tasks.o
    0x2000022c   0x00000028   Zero   RW          627    .bss                timers.o
    0x20000254   0x00004400   Zero   RW          675    .bss                heap_4.o
    0x20004654   0x00000060   Zero   RW          840    .bss                c_w.l(libspace.o)
    0x200046b4   0x00000004   PAD
    0x200046b8   0x00000200   Zero   RW          389    HEAP                startup_stm32f10x_hd.o
    0x200048b8   0x00000400   Zero   RW          388    STACK               startup_stm32f10x_hd.o


==============================================================================

Image component sizes


      Code (inc. data)   RO Data    RW Data    ZI Data      Debug   Object Name

       268         18          0          4          0       1882   delay.o
       172         34          0          0        100       1509   dma.o
         0          0          0          0          0      14500   event_groups.o
       468         76         15          0          0       1013   flashwritetask.o
       648         34          0         32      17408       3622   heap_4.o
        56          6          0          0          0        450   led.o
       148          0          0          0          0       1854   list.o
       232         80          0         16          0     265451   main.o
       220         22          0          0          0       1745   misc.o
       750         40          0         16          0       7755   port.o
      2574         10          0          0          0      16888   queue.o
       892         28         24          2         10       3600   rtc.o
        64         26        304          0       1536        768   startup_stm32f10x_hd.o
       196          8          0          0          0       3440   stm32f10x_bkp.o
       596          8          0          0          0       4306   stm32f10x_dma.o
      1468         34          0          0          0       8150   stm32f10x_flash.o
       860         38          0          0          0       5677   stm32f10x_gpio.o
        20          0          0          0          0        883   stm32f10x_it.o
       204         14          0          0          0       1927   stm32f10x_pwr.o
       932         36          0         20          0       8824   stm32f10x_rcc.o
       328          4          0          0          0       2694   stm32f10x_rtc.o
      1032         22          0          0          0       8400   stm32f10x_usart.o
       484         66         25          0          0       2492   stmflash.o
         0          0          0          0          0         32   sys.o
       480         38          0         20          0       1655   system_stm32f10x.o
      7344        386          0         64        200      41134   tasks.o
      1236         56          0         20         40      11383   timers.o
       584         28          0          6          0       4083   usart.o
      1084        148         11         40          0       5424   usarttask.o

    ----------------------------------------------------------------------
     23344       1260        412        244      19296     431541   Object Totals
         0          0         32          0          0          0   (incl. Generated)
         4          0          1          4          2          0   (incl. Padding)

    ----------------------------------------------------------------------

      Code (inc. data)   RO Data    RW Data    ZI Data      Debug   Library Member Name

         8          0          0          0          0         68   __main.o
       312          4         17          0          0         92   __printf_flags_wp.o
        14          0          0          0          0         68   __printf_wp.o
         0          0          0          0          0          0   __rtentry.o
        12          0          0          0          0          0   __rtentry2.o
         6          0          0          0          0          0   __rtentry4.o
        52          8          0          0          0          0   __scatter.o
        26          0          0          0          0          0   __scatter_copy.o
        28          0          0          0          0          0   __scatter_zi.o
        28          0          0          0          0         68   _chval.o
        44          0          0          0          0        108   _printf_char.o
        48          6          0          0          0         96   _printf_char_common.o
        36          4          0          0          0         80   _printf_char_file.o
         6          0          0          0          0          0   _printf_d.o
       120         16          0          0          0         92   _printf_dec.o
        88          4         40          0          0         88   _printf_hex_int.o
       178          0          0          0          0         88   _printf_intcommon.o
        78          0          0          0          0        108   _printf_pad.o
         0          0          0          0          0          0   _printf_percent.o
         4          0          0          0          0          0   _printf_percent_end.o
         6          0          0          0          0          0   _printf_s.o
        82          0          0          0          0         80   _printf_str.o
         6          0          0          0          0          0   _printf_x.o
       158          0          0          0          0         92   _strtoul.o
        16          0          0          0          0         68   aeabi_memset.o
        26          0          0          0          0         80   atoi.o
        18          0          0          0          0         80   exit.o
         8          0          0          0          0         68   ferror.o
         6          0          0          0          0        152   heapauxi.o
        44         10        272          0          0         76   lc_ctype_c.o
         2          0          0          0          0          0   libinit.o
        20          0          0          0          0          0   libinit2.o
         2          0          0          0          0          0   libshutdown.o
         2          0          0          0          0          0   libshutdown2.o
         8          4          0          0         96         68   libspace.o
        88          0          0          0          0         76   memcmp.o
        24          4          0          0          0         84   noretval__2printf.o
        16          4          0          0          0         76   rt_ctype_table.o
         8          4          0          0          0         68   rt_errno_addr_intlibspace.o
         8          4          0          0          0         68   rt_locale_intlibspace.o
        68          0          0          0          0         68   rt_memclr.o
        78          0          0          0          0         80   rt_memclr_w.o
       138          0          0          0          0         68   rt_memcpy_v6.o
       100          0          0          0          0         80   rt_memcpy_w.o
       122          0          0          0          0         80   rt_memmove_w.o
         2          0          0          0          0          0   rtexit.o
        10          0          0          0          0          0   rtexit2.o
       128          0          0          0          0         68   strcmpv7m.o
        72          0          0          0          0         80   strcpy.o
        62          0          0          0          0         76   strlen.o
       112          0          0          0          0         88   strtol.o
        74          0          0          0          0         80   sys_stackheap_outer.o
         2          0          0          0          0         68   use_no_semi.o
         2          0          0          0          0         68   use_no_semi_2.o

    ----------------------------------------------------------------------
      2620         72        332          0        100       2996   Library Totals
        14          0          3          0          4          0   (incl. Padding)

    ----------------------------------------------------------------------

      Code (inc. data)   RO Data    RW Data    ZI Data      Debug   Library Name

      2606         72        329          0         96       2996   c_w.l

    ----------------------------------------------------------------------
      2620         72        332          0        100       2996   Library Totals

    ----------------------------------------------------------------------

==============================================================================


      Code (inc. data)   RO Data    RW Data    ZI Data      Debug   

     25964       1332        744        244      19396     429645   Grand Totals
     25964       1332        744        244      19396     429645   ELF Image Totals
     25964       1332        744        244          0          0   ROM Totals

==============================================================================

    Total RO  Size (Code + RO Data)                26708 (  26.08kB)
    Total RW  Size (RW Data + ZI Data)             19640 (  19.18kB)
    Total ROM Size (Code + RO Data + RW Data)      26952 (  26.32kB)

==============================================================================

